[01:40:55.592] [INFO]  TypeRegistry: registered type 'SimpleData' (hash=0xAA569E27, size=72, props=5)
Running main() from C:\Users\g0190\Desktop\GXLib\build\_deps\googletest-src\googletest\src\gtest_main.cc
[==========] Running 2397 tests from 229 test suites.
[----------] Global test environment set-up.
[----------] 14 tests from Vector2Test
[ RUN      ] Vector2Test.DefaultConstructor
[       OK ] Vector2Test.DefaultConstructor
[ RUN      ] Vector2Test.ParameterizedConstructor
[       OK ] Vector2Test.ParameterizedConstructor
[ RUN      ] Vector2Test.Addition
[       OK ] Vector2Test.Addition
[ RUN      ] Vector2Test.Subtraction
[       OK ] Vector2Test.Subtraction
[ RUN      ] Vector2Test.ScalarMultiply
[       OK ] Vector2Test.ScalarMultiply
[ RUN      ] Vector2Test.ScalarDivide
[       OK ] Vector2Test.ScalarDivide
[ RUN      ] Vector2Test.DotProduct
[       OK ] Vector2Test.DotProduct
[ RUN      ] Vector2Test.CrossProduct
[       OK ] Vector2Test.CrossProduct
[ RUN      ] Vector2Test.Length
[       OK ] Vector2Test.Length
[ RUN      ] Vector2Test.Normalize
[       OK ] Vector2Test.Normalize
[ RUN      ] Vector2Test.Distance
[       OK ] Vector2Test.Distance
[ RUN      ] Vector2Test.Lerp
[       OK ] Vector2Test.Lerp
[ RUN      ] Vector2Test.Negation
[       OK ] Vector2Test.Negation
[ RUN      ] Vector2Test.StaticConstants
[       OK ] Vector2Test.StaticConstants
[----------] 9 tests from Vector3Test
[ RUN      ] Vector3Test.DefaultConstructor
[       OK ] Vector3Test.DefaultConstructor
[ RUN      ] Vector3Test.Addition
[       OK ] Vector3Test.Addition
[ RUN      ] Vector3Test.CrossProduct
[       OK ] Vector3Test.CrossProduct
[ RUN      ] Vector3Test.DotProduct
[       OK ] Vector3Test.DotProduct
[ RUN      ] Vector3Test.Length
[       OK ] Vector3Test.Length
[ RUN      ] Vector3Test.Normalize
[       OK ] Vector3Test.Normalize
[ RUN      ] Vector3Test.Lerp
[       OK ] Vector3Test.Lerp
[ RUN      ] Vector3Test.Reflect
[       OK ] Vector3Test.Reflect
[ RUN      ] Vector3Test.StaticConstants
[       OK ] Vector3Test.StaticConstants
[----------] 6 tests from Vector4Test
[ RUN      ] Vector4Test.DefaultConstructor
[       OK ] Vector4Test.DefaultConstructor
[ RUN      ] Vector4Test.ConstructFromVector3
[       OK ] Vector4Test.ConstructFromVector3
[ RUN      ] Vector4Test.DotProduct
[       OK ] Vector4Test.DotProduct
[ RUN      ] Vector4Test.Length
[       OK ] Vector4Test.Length
[ RUN      ] Vector4Test.Normalize
[       OK ] Vector4Test.Normalize
[ RUN      ] Vector4Test.Lerp
[       OK ] Vector4Test.Lerp
[----------] 11 tests from Matrix4x4Test
[ RUN      ] Matrix4x4Test.DefaultIsIdentity
[       OK ] Matrix4x4Test.DefaultIsIdentity
[ RUN      ] Matrix4x4Test.IdentityMultiply
[       OK ] Matrix4x4Test.IdentityMultiply
[ RUN      ] Matrix4x4Test.Translation
[       OK ] Matrix4x4Test.Translation
[ RUN      ] Matrix4x4Test.Scaling
[       OK ] Matrix4x4Test.Scaling
[ RUN      ] Matrix4x4Test.UniformScaling
[       OK ] Matrix4x4Test.UniformScaling
[ RUN      ] Matrix4x4Test.RotationZ90
[       OK ] Matrix4x4Test.RotationZ90
[ RUN      ] Matrix4x4Test.Inverse
[       OK ] Matrix4x4Test.Inverse
[ RUN      ] Matrix4x4Test.Transpose
[       OK ] Matrix4x4Test.Transpose
[ RUN      ] Matrix4x4Test.Determinant
[       OK ] Matrix4x4Test.Determinant
[ RUN      ] Matrix4x4Test.ToFromXMMATRIX
[       OK ] Matrix4x4Test.ToFromXMMATRIX
[ RUN      ] Matrix4x4Test.ComposeTransform
[       OK ] Matrix4x4Test.ComposeTransform
[----------] 10 tests from QuaternionTest
[ RUN      ] QuaternionTest.IdentityIsDefault
[       OK ] QuaternionTest.IdentityIsDefault
[ RUN      ] QuaternionTest.IdentityLength
[       OK ] QuaternionTest.IdentityLength
[ RUN      ] QuaternionTest.MultiplyIdentity
[       OK ] QuaternionTest.MultiplyIdentity
[ RUN      ] QuaternionTest.Inverse
[       OK ] QuaternionTest.Inverse
[ RUN      ] QuaternionTest.Conjugate
[       OK ] QuaternionTest.Conjugate
[ RUN      ] QuaternionTest.FromAxisAngle
[       OK ] QuaternionTest.FromAxisAngle
[ RUN      ] QuaternionTest.EulerRoundTrip
[       OK ] QuaternionTest.EulerRoundTrip
[ RUN      ] QuaternionTest.Slerp
[       OK ] QuaternionTest.Slerp
[ RUN      ] QuaternionTest.Normalize
[       OK ] QuaternionTest.Normalize
[ RUN      ] QuaternionTest.RotateVector
[       OK ] QuaternionTest.RotateVector
[----------] 10 tests from ColorTest
[ RUN      ] ColorTest.DefaultConstructor
[       OK ] ColorTest.DefaultConstructor
[ RUN      ] ColorTest.FloatConstructor
[       OK ] ColorTest.FloatConstructor
[ RUN      ] ColorTest.Uint32Constructor
[       OK ] ColorTest.Uint32Constructor
[ RUN      ] ColorTest.Uint8Constructor
[       OK ] ColorTest.Uint8Constructor
[ RUN      ] ColorTest.ToRGBA
[       OK ] ColorTest.ToRGBA
[ RUN      ] ColorTest.ToABGR
[       OK ] ColorTest.ToABGR
[ RUN      ] ColorTest.HSVRoundTrip
[       OK ] ColorTest.HSVRoundTrip
[ RUN      ] ColorTest.Lerp
[       OK ] ColorTest.Lerp
[ RUN      ] ColorTest.Multiply
[       OK ] ColorTest.Multiply
[ RUN      ] ColorTest.NamedColors
[       OK ] ColorTest.NamedColors
[----------] 12 tests from MathUtilTest
[ RUN      ] MathUtilTest.Lerp
[       OK ] MathUtilTest.Lerp
[ RUN      ] MathUtilTest.ClampFloat
[       OK ] MathUtilTest.ClampFloat
[ RUN      ] MathUtilTest.ClampInt
[       OK ] MathUtilTest.ClampInt
[ RUN      ] MathUtilTest.SmoothStep
[       OK ] MathUtilTest.SmoothStep
[ RUN      ] MathUtilTest.Remap
[       OK ] MathUtilTest.Remap
[ RUN      ] MathUtilTest.InverseLerp
[       OK ] MathUtilTest.InverseLerp
[ RUN      ] MathUtilTest.DegreesRadians
[       OK ] MathUtilTest.DegreesRadians
[ RUN      ] MathUtilTest.NormalizeAngle
[       OK ] MathUtilTest.NormalizeAngle
[ RUN      ] MathUtilTest.Sign
[       OK ] MathUtilTest.Sign
[ RUN      ] MathUtilTest.IsPowerOfTwo
[       OK ] MathUtilTest.IsPowerOfTwo
[ RUN      ] MathUtilTest.NextPowerOfTwo
[       OK ] MathUtilTest.NextPowerOfTwo
[ RUN      ] MathUtilTest.ApproximatelyEqual
[       OK ] MathUtilTest.ApproximatelyEqual
[----------] 22 tests from RandomTest
[ RUN      ] RandomTest.IntRange
[       OK ] RandomTest.IntRange
[ RUN      ] RandomTest.FloatRange
[       OK ] RandomTest.FloatRange
[ RUN      ] RandomTest.DeterministicSeed
[       OK ] RandomTest.DeterministicSeed
[ RUN      ] RandomTest.PointInCircle
[       OK ] RandomTest.PointInCircle
[ RUN      ] RandomTest.PointInSphere
[       OK ] RandomTest.PointInSphere
[ RUN      ] RandomTest.Direction2DIsUnit
[       OK ] RandomTest.Direction2DIsUnit
[ RUN      ] RandomTest.Direction3DIsUnit
[       OK ] RandomTest.Direction3DIsUnit
[ RUN      ] RandomTest.DefaultConstructorNoCrash
[       OK ] RandomTest.DefaultConstructorNoCrash
[ RUN      ] RandomTest.SeededConstructorDeterministic
[       OK ] RandomTest.SeededConstructorDeterministic
[ RUN      ] RandomTest.SetSeedProducesSameSequence
[       OK ] RandomTest.SetSeedProducesSameSequence
[ RUN      ] RandomTest.IntReturnsValues
[       OK ] RandomTest.IntReturnsValues
[ RUN      ] RandomTest.IntMinMaxInRange
[       OK ] RandomTest.IntMinMaxInRange
[ RUN      ] RandomTest.FloatInZeroOneRange
[       OK ] RandomTest.FloatInZeroOneRange
[ RUN      ] RandomTest.FloatMinMaxInRange
[       OK ] RandomTest.FloatMinMaxInRange
[ RUN      ] RandomTest.PointInCircleWithinRadius
[       OK ] RandomTest.PointInCircleWithinRadius
[ RUN      ] RandomTest.PointInSphereWithinRadius
[       OK ] RandomTest.PointInSphereWithinRadius
[ RUN      ] RandomTest.Direction2DIsUnitVector
[       OK ] RandomTest.Direction2DIsUnitVector
[ RUN      ] RandomTest.Direction3DIsUnitVector
[       OK ] RandomTest.Direction3DIsUnitVector
[ RUN      ] RandomTest.RandomColorComponentsInRange
[       OK ] RandomTest.RandomColorComponentsInRange
[ RUN      ] RandomTest.Vector2InRangeComponents
[       OK ] RandomTest.Vector2InRangeComponents
[ RUN      ] RandomTest.Vector3InRangeComponents
[       OK ] RandomTest.Vector3InRangeComponents
[ RUN      ] RandomTest.GlobalReturnsSameInstance
[       OK ] RandomTest.GlobalReturnsSameInstance
[----------] 19 tests from Collision2DTest
[ RUN      ] Collision2DTest.AABBvsAABB_Overlap
[       OK ] Collision2DTest.AABBvsAABB_Overlap
[ RUN      ] Collision2DTest.AABBvsAABB_Separated
[       OK ] Collision2DTest.AABBvsAABB_Separated
[ RUN      ] Collision2DTest.AABBvsAABB_Touching
[       OK ] Collision2DTest.AABBvsAABB_Touching
[ RUN      ] Collision2DTest.AABBvsAABB_Contained
[       OK ] Collision2DTest.AABBvsAABB_Contained
[ RUN      ] Collision2DTest.CirclevsCircle_Overlap
[       OK ] Collision2DTest.CirclevsCircle_Overlap
[ RUN      ] Collision2DTest.CirclevsCircle_Separated
[       OK ] Collision2DTest.CirclevsCircle_Separated
[ RUN      ] Collision2DTest.CirclevsCircle_Touching
[       OK ] Collision2DTest.CirclevsCircle_Touching
[ RUN      ] Collision2DTest.AABBvsCircle_Overlap
[       OK ] Collision2DTest.AABBvsCircle_Overlap
[ RUN      ] Collision2DTest.AABBvsCircle_Separated
[       OK ] Collision2DTest.AABBvsCircle_Separated
[ RUN      ] Collision2DTest.PointInAABB
[       OK ] Collision2DTest.PointInAABB
[ RUN      ] Collision2DTest.PointInCircle
[       OK ] Collision2DTest.PointInCircle
[ RUN      ] Collision2DTest.PointInPolygon
[       OK ] Collision2DTest.PointInPolygon
[ RUN      ] Collision2DTest.LinevsLine_Cross
[       OK ] Collision2DTest.LinevsLine_Cross
[ RUN      ] Collision2DTest.LinevsLine_Parallel
[       OK ] Collision2DTest.LinevsLine_Parallel
[ RUN      ] Collision2DTest.LinevsLine_NoIntersect
[       OK ] Collision2DTest.LinevsLine_NoIntersect
[ RUN      ] Collision2DTest.IntersectAABBvsAABB
[       OK ] Collision2DTest.IntersectAABBvsAABB
[ RUN      ] Collision2DTest.IntersectCirclevsCircle
[       OK ] Collision2DTest.IntersectCirclevsCircle
[ RUN      ] Collision2DTest.Raycast2D_AABB
[       OK ] Collision2DTest.Raycast2D_AABB
[ RUN      ] Collision2DTest.Raycast2D_Circle
[       OK ] Collision2DTest.Raycast2D_Circle
[----------] 24 tests from Collision3DTest
[ RUN      ] Collision3DTest.AABBvsAABB_Overlap
[       OK ] Collision3DTest.AABBvsAABB_Overlap
[ RUN      ] Collision3DTest.AABBvsAABB_Separated
[       OK ] Collision3DTest.AABBvsAABB_Separated
[ RUN      ] Collision3DTest.AABBvsAABB_Touching
[       OK ] Collision3DTest.AABBvsAABB_Touching
[ RUN      ] Collision3DTest.SphereVsSphere_Overlap
[       OK ] Collision3DTest.SphereVsSphere_Overlap
[ RUN      ] Collision3DTest.SphereVsSphere_Separated
[       OK ] Collision3DTest.SphereVsSphere_Separated
[ RUN      ] Collision3DTest.SphereVsSphere_Touching
[       OK ] Collision3DTest.SphereVsSphere_Touching
[ RUN      ] Collision3DTest.SphereVsAABB_Overlap
[       OK ] Collision3DTest.SphereVsAABB_Overlap
[ RUN      ] Collision3DTest.SphereVsAABB_Separated
[       OK ] Collision3DTest.SphereVsAABB_Separated
[ RUN      ] Collision3DTest.PointInSphere
[       OK ] Collision3DTest.PointInSphere
[ RUN      ] Collision3DTest.PointInAABB
[       OK ] Collision3DTest.PointInAABB
[ RUN      ] Collision3DTest.RaycastSphere_Hit
[       OK ] Collision3DTest.RaycastSphere_Hit
[ RUN      ] Collision3DTest.RaycastSphere_Miss
[       OK ] Collision3DTest.RaycastSphere_Miss
[ RUN      ] Collision3DTest.RaycastAABB_Hit
[       OK ] Collision3DTest.RaycastAABB_Hit
[ RUN      ] Collision3DTest.RaycastAABB_Miss
[       OK ] Collision3DTest.RaycastAABB_Miss
[ RUN      ] Collision3DTest.RaycastPlane_Hit
[       OK ] Collision3DTest.RaycastPlane_Hit
[ RUN      ] Collision3DTest.RaycastTriangle_Hit
[       OK ] Collision3DTest.RaycastTriangle_Hit
[ RUN      ] Collision3DTest.RaycastTriangle_Miss
[       OK ] Collision3DTest.RaycastTriangle_Miss
[ RUN      ] Collision3DTest.OBBvsOBB_Overlap
[       OK ] Collision3DTest.OBBvsOBB_Overlap
[ RUN      ] Collision3DTest.OBBvsOBB_Separated
[       OK ] Collision3DTest.OBBvsOBB_Separated
[ RUN      ] Collision3DTest.OBBvsOBB_Rotated
[       OK ] Collision3DTest.OBBvsOBB_Rotated
[ RUN      ] Collision3DTest.FrustumVsSphere
[       OK ] Collision3DTest.FrustumVsSphere
[ RUN      ] Collision3DTest.FrustumVsAABB
[       OK ] Collision3DTest.FrustumVsAABB
[ RUN      ] Collision3DTest.ClosestPointOnAABB
[       OK ] Collision3DTest.ClosestPointOnAABB
[ RUN      ] Collision3DTest.IntersectSphereVsSphere
[       OK ] Collision3DTest.IntersectSphereVsSphere
[----------] 4 tests from QuadtreeTest
[ RUN      ] QuadtreeTest.InsertAndQuery
[       OK ] QuadtreeTest.InsertAndQuery
[ RUN      ] QuadtreeTest.QuerySubRegion
[       OK ] QuadtreeTest.QuerySubRegion
[ RUN      ] QuadtreeTest.Clear
[       OK ] QuadtreeTest.Clear
[ RUN      ] QuadtreeTest.QueryCircle
[       OK ] QuadtreeTest.QueryCircle
[----------] 3 tests from OctreeTest
[ RUN      ] OctreeTest.InsertAndQuery
[       OK ] OctreeTest.InsertAndQuery
[ RUN      ] OctreeTest.QuerySubRegion
[       OK ] OctreeTest.QuerySubRegion
[ RUN      ] OctreeTest.QuerySphere
[       OK ] OctreeTest.QuerySphere
[----------] 6 tests from BVHTest
[ RUN      ] BVHTest.BuildAndQuery
[       OK ] BVHTest.BuildAndQuery
[ RUN      ] BVHTest.QuerySubRegion
[       OK ] BVHTest.QuerySubRegion
[ RUN      ] BVHTest.Raycast
[       OK ] BVHTest.Raycast
[ RUN      ] BVHTest.RaycastMiss
[       OK ] BVHTest.RaycastMiss
[ RUN      ] BVHTest.Empty
[       OK ] BVHTest.Empty
[ RUN      ] BVHTest.Clear
[       OK ] BVHTest.Clear
[----------] 6 tests from CryptoTest
[ RUN      ] CryptoTest.AES256_EncryptDecrypt
[       OK ] CryptoTest.AES256_EncryptDecrypt
[ RUN      ] CryptoTest.AES256_WrongKey
[01:40:55.620] [ERROR] Crypto::Decrypt: BCryptDecrypt failed: 0xC000003E
[       OK ] CryptoTest.AES256_WrongKey
[ RUN      ] CryptoTest.SHA256_KnownHash
[       OK ] CryptoTest.SHA256_KnownHash
[ RUN      ] CryptoTest.SHA256_Deterministic
[       OK ] CryptoTest.SHA256_Deterministic
[ RUN      ] CryptoTest.GenerateRandomBytes_Length
[       OK ] CryptoTest.GenerateRandomBytes_Length
[ RUN      ] CryptoTest.GenerateRandomBytes_Unique
[       OK ] CryptoTest.GenerateRandomBytes_Unique
[----------] 4 tests from PoolAllocatorTest
[ RUN      ] PoolAllocatorTest.AllocateAndFree
[       OK ] PoolAllocatorTest.AllocateAndFree
[ RUN      ] PoolAllocatorTest.NewAndDelete
[       OK ] PoolAllocatorTest.NewAndDelete
[ RUN      ] PoolAllocatorTest.BlockGrowth
[       OK ] PoolAllocatorTest.BlockGrowth
[ RUN      ] PoolAllocatorTest.ReuseFreedSlots
[       OK ] PoolAllocatorTest.ReuseFreedSlots
[----------] 6 tests from FrameAllocatorTest
[ RUN      ] FrameAllocatorTest.BasicAllocate
[       OK ] FrameAllocatorTest.BasicAllocate
[ RUN      ] FrameAllocatorTest.TypedAllocate
[       OK ] FrameAllocatorTest.TypedAllocate
[ RUN      ] FrameAllocatorTest.Reset
[       OK ] FrameAllocatorTest.Reset
[ RUN      ] FrameAllocatorTest.Alignment
[       OK ] FrameAllocatorTest.Alignment
[ RUN      ] FrameAllocatorTest.CapacityExhausted
[       OK ] FrameAllocatorTest.CapacityExhausted
[ RUN      ] FrameAllocatorTest.SequentialAddresses
[       OK ] FrameAllocatorTest.SequentialAddresses
[----------] 18 tests from SplineTest
[ RUN      ] SplineTest.PointManagement_AddAndGet
[       OK ] SplineTest.PointManagement_AddAndGet
[ RUN      ] SplineTest.PointManagement_InsertAndRemove
[       OK ] SplineTest.PointManagement_InsertAndRemove
[ RUN      ] SplineTest.PointManagement_Clear
[       OK ] SplineTest.PointManagement_Clear
[ RUN      ] SplineTest.SetType_Changes
[       OK ] SplineTest.SetType_Changes
[ RUN      ] SplineTest.SetClosed_Changes
[       OK ] SplineTest.SetClosed_Changes
[ RUN      ] SplineTest.Linear_Evaluate_Start
[       OK ] SplineTest.Linear_Evaluate_Start
[ RUN      ] SplineTest.Linear_Evaluate_End
[       OK ] SplineTest.Linear_Evaluate_End
[ RUN      ] SplineTest.Linear_Evaluate_Mid
[       OK ] SplineTest.Linear_Evaluate_Mid
[ RUN      ] SplineTest.CatmullRom_Endpoints
[       OK ] SplineTest.CatmullRom_Endpoints
[ RUN      ] SplineTest.CatmullRom_Smooth
[       OK ] SplineTest.CatmullRom_Smooth
[ RUN      ] SplineTest.CubicBezier_Endpoints
[       OK ] SplineTest.CubicBezier_Endpoints
[ RUN      ] SplineTest.GetTotalLength_TwoPoints
[       OK ] SplineTest.GetTotalLength_TwoPoints
[ RUN      ] SplineTest.GetTotalLength_Empty
[       OK ] SplineTest.GetTotalLength_Empty
[ RUN      ] SplineTest.EvaluateByDistance_Zero
[       OK ] SplineTest.EvaluateByDistance_Zero
[ RUN      ] SplineTest.EvaluateByDistance_Full
[       OK ] SplineTest.EvaluateByDistance_Full
[ RUN      ] SplineTest.EvaluateByDistance_Monotonic
[       OK ] SplineTest.EvaluateByDistance_Monotonic
[ RUN      ] SplineTest.FindClosestParameter
[       OK ] SplineTest.FindClosestParameter
[ RUN      ] SplineTest.Closed_EvaluateWraps
[       OK ] SplineTest.Closed_EvaluateWraps
[----------] 10 tests from Transform3DTest
[ RUN      ] Transform3DTest.DefaultState
[       OK ] Transform3DTest.DefaultState
[ RUN      ] Transform3DTest.SetPosition_Float3
[       OK ] Transform3DTest.SetPosition_Float3
[ RUN      ] Transform3DTest.SetPosition_XMFLOAT3
[       OK ] Transform3DTest.SetPosition_XMFLOAT3
[ RUN      ] Transform3DTest.SetRotation_Radians
[       OK ] Transform3DTest.SetRotation_Radians
[ RUN      ] Transform3DTest.SetScale_Uniform
[       OK ] Transform3DTest.SetScale_Uniform
[ RUN      ] Transform3DTest.SetScale_NonUniform
[       OK ] Transform3DTest.SetScale_NonUniform
[ RUN      ] Transform3DTest.WorldMatrix_IdentityTransform
[       OK ] Transform3DTest.WorldMatrix_IdentityTransform
[ RUN      ] Transform3DTest.WorldMatrix_TranslationOnly
[       OK ] Transform3DTest.WorldMatrix_TranslationOnly
[ RUN      ] Transform3DTest.WorldMatrix_ScaleOnly
[       OK ] Transform3DTest.WorldMatrix_ScaleOnly
[ RUN      ] Transform3DTest.WorldInverseTranspose_Exists
[       OK ] Transform3DTest.WorldInverseTranspose_Exists
[----------] 11 tests from SceneTest
[ RUN      ] SceneTest.CreateEntity_NotNull
[       OK ] SceneTest.CreateEntity_NotNull
[ RUN      ] SceneTest.CreateEntity_Name
[       OK ] SceneTest.CreateEntity_Name
[ RUN      ] SceneTest.CreateEntity_UniqueID
[       OK ] SceneTest.CreateEntity_UniqueID
[ RUN      ] SceneTest.GetEntityCount
[       OK ] SceneTest.GetEntityCount
[ RUN      ] SceneTest.FindEntityByName
[       OK ] SceneTest.FindEntityByName
[ RUN      ] SceneTest.FindEntityByName_NotFound
[       OK ] SceneTest.FindEntityByName_NotFound
[ RUN      ] SceneTest.FindEntityByID
[       OK ] SceneTest.FindEntityByID
[ RUN      ] SceneTest.DestroyEntity
[       OK ] SceneTest.DestroyEntity
[ RUN      ] SceneTest.RootEntities
[       OK ] SceneTest.RootEntities
[ RUN      ] SceneTest.SetName
[       OK ] SceneTest.SetName
[ RUN      ] SceneTest.Update_NoCrash
[       OK ] SceneTest.Update_NoCrash
[----------] 9 tests from EntityTest
[ RUN      ] EntityTest.DefaultTransform
[       OK ] EntityTest.DefaultTransform
[ RUN      ] EntityTest.AddComponent_Camera
[       OK ] EntityTest.AddComponent_Camera
[ RUN      ] EntityTest.GetComponent_Camera
[       OK ] EntityTest.GetComponent_Camera
[ RUN      ] EntityTest.GetComponent_NotAdded
[       OK ] EntityTest.GetComponent_NotAdded
[ RUN      ] EntityTest.HasComponent
[       OK ] EntityTest.HasComponent
[ RUN      ] EntityTest.RemoveComponent
[       OK ] EntityTest.RemoveComponent
[ RUN      ] EntityTest.SetParent
[       OK ] EntityTest.SetParent
[ RUN      ] EntityTest.RemoveParent
[       OK ] EntityTest.RemoveParent
[ RUN      ] EntityTest.ActiveState
[       OK ] EntityTest.ActiveState
[----------] 8 tests from SceneSerializerTest
[ RUN      ] SceneSerializerTest.ToJsonString_EmptyScene
[       OK ] SceneSerializerTest.ToJsonString_EmptyScene
[ RUN      ] SceneSerializerTest.RoundTrip_EmptyScene
[01:40:55.622] [INFO]  SceneSerializer: Loaded 0 entities
[       OK ] SceneSerializerTest.RoundTrip_EmptyScene
[ RUN      ] SceneSerializerTest.RoundTrip_SingleEntity
[01:40:55.622] [INFO]  SceneSerializer: Loaded 1 entities
[       OK ] SceneSerializerTest.RoundTrip_SingleEntity
[ RUN      ] SceneSerializerTest.RoundTrip_EntityTransform
[01:40:55.622] [INFO]  SceneSerializer: Loaded 1 entities
[       OK ] SceneSerializerTest.RoundTrip_EntityTransform
[ RUN      ] SceneSerializerTest.RoundTrip_Hierarchy
[01:40:55.623] [INFO]  SceneSerializer: Loaded 2 entities
[       OK ] SceneSerializerTest.RoundTrip_Hierarchy
[ RUN      ] SceneSerializerTest.RoundTrip_CameraComponent
[01:40:55.623] [INFO]  SceneSerializer: Loaded 1 entities
[       OK ] SceneSerializerTest.RoundTrip_CameraComponent
[ RUN      ] SceneSerializerTest.RoundTrip_LightComponent
[01:40:55.623] [INFO]  SceneSerializer: Loaded 1 entities
[       OK ] SceneSerializerTest.RoundTrip_LightComponent
[ RUN      ] SceneSerializerTest.FromJsonString_InvalidJson
[01:40:55.623] [ERROR] SceneSerializer: JSON parse error: нннннннннннннннннннннннннннннннннннннннннннннннннннннннннннннннннннннннннннннннннннннннннннннннннннннннннннннннннннннннннннннннннннннннннннннннннннн
[       OK ] SceneSerializerTest.FromJsonString_InvalidJson
[----------] 8 tests from ActionMappingTest
[ RUN      ] ActionMappingTest.DefineAction_Exists
[       OK ] ActionMappingTest.DefineAction_Exists
[ RUN      ] ActionMappingTest.GetActionValue_Undefined
[       OK ] ActionMappingTest.GetActionValue_Undefined
[ RUN      ] ActionMappingTest.IsActionPressed_Undefined
[       OK ] ActionMappingTest.IsActionPressed_Undefined
[ RUN      ] ActionMappingTest.RemoveAction_Removes
[       OK ] ActionMappingTest.RemoveAction_Removes
[ RUN      ] ActionMappingTest.Clear_RemovesAll
[       OK ] ActionMappingTest.Clear_RemovesAll
[ RUN      ] ActionMappingTest.KeyBinding_Factory
[       OK ] ActionMappingTest.KeyBinding_Factory
[ RUN      ] ActionMappingTest.KeyAxisBinding_Factory
[       OK ] ActionMappingTest.KeyAxisBinding_Factory
[ RUN      ] ActionMappingTest.PadBtnBinding_Factory
[       OK ] ActionMappingTest.PadBtnBinding_Factory
[----------] 9 tests from NavMeshTest
[ RUN      ] NavMeshTest.Build_FlatGrid
[01:40:55.624] [INFO]  NavMesh::Build - 20x20 grid (cellSize=0.50)
[       OK ] NavMeshTest.Build_FlatGrid
[ RUN      ] NavMeshTest.Build_GridDimensions
[01:40:55.624] [INFO]  NavMesh::Build - 20x20 grid (cellSize=0.50)
[       OK ] NavMeshTest.Build_GridDimensions
[ RUN      ] NavMeshTest.IsWalkable_Default
[01:40:55.624] [INFO]  NavMesh::Build - 20x20 grid (cellSize=0.50)
[       OK ] NavMeshTest.IsWalkable_Default
[ RUN      ] NavMeshTest.SetCellWalkable_False
[01:40:55.624] [INFO]  NavMesh::Build - 20x20 grid (cellSize=0.50)
[       OK ] NavMeshTest.SetCellWalkable_False
[ RUN      ] NavMeshTest.FindPath_StraightLine
[01:40:55.624] [INFO]  NavMesh::Build - 20x20 grid (cellSize=0.50)
[       OK ] NavMeshTest.FindPath_StraightLine
[ RUN      ] NavMeshTest.FindPath_AroundObstacle
[01:40:55.624] [INFO]  NavMesh::Build - 20x20 grid (cellSize=0.50)
[       OK ] NavMeshTest.FindPath_AroundObstacle
[ RUN      ] NavMeshTest.FindPath_NoPath
[01:40:55.624] [INFO]  NavMesh::Build - 20x20 grid (cellSize=0.50)
[       OK ] NavMeshTest.FindPath_NoPath
[ RUN      ] NavMeshTest.FindPath_SamePoint
[01:40:55.624] [INFO]  NavMesh::Build - 20x20 grid (cellSize=0.50)
[       OK ] NavMeshTest.FindPath_SamePoint
[ RUN      ] NavMeshTest.FindNearestWalkable
[01:40:55.624] [INFO]  NavMesh::Build - 20x20 grid (cellSize=0.50)
[       OK ] NavMeshTest.FindNearestWalkable
[----------] 5 tests from NavAgentTest
[ RUN      ] NavAgentTest.Initialize
[01:40:55.624] [INFO]  NavMesh::Build - 20x20 grid (cellSize=0.50)
[       OK ] NavAgentTest.Initialize
[ RUN      ] NavAgentTest.SetDestination
[01:40:55.624] [INFO]  NavMesh::Build - 20x20 grid (cellSize=0.50)
[       OK ] NavAgentTest.SetDestination
[ RUN      ] NavAgentTest.Update_Moves
[01:40:55.624] [INFO]  NavMesh::Build - 20x20 grid (cellSize=0.50)
[       OK ] NavAgentTest.Update_Moves
[ RUN      ] NavAgentTest.HasReached
[01:40:55.625] [INFO]  NavMesh::Build - 20x20 grid (cellSize=0.50)
[       OK ] NavAgentTest.HasReached
[ RUN      ] NavAgentTest.Stop
[01:40:55.625] [INFO]  NavMesh::Build - 20x20 grid (cellSize=0.50)
[       OK ] NavAgentTest.Stop
[----------] 8 tests from LODGroupTest
[ RUN      ] LODGroupTest.Empty_ReturnsNull
[       OK ] LODGroupTest.Empty_ReturnsNull
[ RUN      ] LODGroupTest.AddLevel_Count
[       OK ] LODGroupTest.AddLevel_Count
[ RUN      ] LODGroupTest.AddLevel_SortedByScreenPct
[       OK ] LODGroupTest.AddLevel_SortedByScreenPct
[ RUN      ] LODGroupTest.Clear_RemovesAll
[       OK ] LODGroupTest.Clear_RemovesAll
[ RUN      ] LODGroupTest.SelectLOD_Close
[       OK ] LODGroupTest.SelectLOD_Close
[ RUN      ] LODGroupTest.SelectLOD_Far
[       OK ] LODGroupTest.SelectLOD_Far
[ RUN      ] LODGroupTest.SelectLOD_CullDistance
[       OK ] LODGroupTest.SelectLOD_CullDistance
[ RUN      ] LODGroupTest.SelectLOD_NoCullDistance
[       OK ] LODGroupTest.SelectLOD_NoCullDistance
[----------] 12 tests from AnimationTest
[ RUN      ] AnimationTest.IdentityTRS_Values
[       OK ] AnimationTest.IdentityTRS_Values
[ RUN      ] AnimationTest.ComposeTRS_Identity
[       OK ] AnimationTest.ComposeTRS_Identity
[ RUN      ] AnimationTest.ComposeTRS_Translation
[       OK ] AnimationTest.ComposeTRS_Translation
[ RUN      ] AnimationTest.DecomposeTRS_RoundTrip
[       OK ] AnimationTest.DecomposeTRS_RoundTrip
[ RUN      ] AnimationTest.AnimationClip_NameAndDuration
[       OK ] AnimationTest.AnimationClip_NameAndDuration
[ RUN      ] AnimationTest.AnimationClip_AddChannel
[       OK ] AnimationTest.AnimationClip_AddChannel
[ RUN      ] AnimationTest.AnimationClip_SampleTRS_Static
[       OK ] AnimationTest.AnimationClip_SampleTRS_Static
[ RUN      ] AnimationTest.AnimationClip_SampleTRS_Interpolated
[       OK ] AnimationTest.AnimationClip_SampleTRS_Interpolated
[ RUN      ] AnimationTest.Skeleton_AddJoint
[       OK ] AnimationTest.Skeleton_AddJoint
[ RUN      ] AnimationTest.Skeleton_FindJointIndex
[       OK ] AnimationTest.Skeleton_FindJointIndex
[ RUN      ] AnimationTest.Skeleton_FindJointIndex_NotFound
[       OK ] AnimationTest.Skeleton_FindJointIndex_NotFound
[ RUN      ] AnimationTest.Skeleton_ComputeGlobalTransforms
[       OK ] AnimationTest.Skeleton_ComputeGlobalTransforms
[----------] 14 tests from StyleTest
[ RUN      ] StyleTest.StyleLength_Px
[       OK ] StyleTest.StyleLength_Px
[ RUN      ] StyleTest.StyleLength_Pct
[       OK ] StyleTest.StyleLength_Pct
[ RUN      ] StyleTest.StyleLength_Auto
[       OK ] StyleTest.StyleLength_Auto
[ RUN      ] StyleTest.StyleLength_Resolve_Px
[       OK ] StyleTest.StyleLength_Resolve_Px
[ RUN      ] StyleTest.StyleLength_Resolve_Pct
[       OK ] StyleTest.StyleLength_Resolve_Pct
[ RUN      ] StyleTest.StyleColor_FromHex_RGB
[       OK ] StyleTest.StyleColor_FromHex_RGB
[ RUN      ] StyleTest.StyleColor_FromHex_RGBA
[       OK ] StyleTest.StyleColor_FromHex_RGBA
[ RUN      ] StyleTest.StyleColor_IsTransparent
[       OK ] StyleTest.StyleColor_IsTransparent
[ RUN      ] StyleTest.StyleEdges_AllSame
[       OK ] StyleTest.StyleEdges_AllSame
[ RUN      ] StyleTest.StyleEdges_Totals
[       OK ] StyleTest.StyleEdges_Totals
[ RUN      ] StyleTest.StyleSelector_Parse_Type
[       OK ] StyleTest.StyleSelector_Parse_Type
[ RUN      ] StyleTest.StyleSelector_Parse_Class
[       OK ] StyleTest.StyleSelector_Parse_Class
[ RUN      ] StyleTest.StyleSelector_Parse_ID
[       OK ] StyleTest.StyleSelector_Parse_ID
[ RUN      ] StyleTest.StyleSheet_LoadFromString
[       OK ] StyleTest.StyleSheet_LoadFromString
[----------] 5 tests from FileDataTest
[ RUN      ] FileDataTest.Empty
[       OK ] FileDataTest.Empty
[ RUN      ] FileDataTest.AsString
[       OK ] FileDataTest.AsString
[ RUN      ] FileDataTest.DataPointer
[       OK ] FileDataTest.DataPointer
[ RUN      ] FileDataTest.SizeOfEmptyData
[       OK ] FileDataTest.SizeOfEmptyData
[ RUN      ] FileDataTest.AsStringPreservesContent
[       OK ] FileDataTest.AsStringPreservesContent
[----------] 17 tests from FileSystemTest
[ RUN      ] FileSystemTest.Mount_Exists
[       OK ] FileSystemTest.Mount_Exists
[ RUN      ] FileSystemTest.Mount_ReadFile
[       OK ] FileSystemTest.Mount_ReadFile
[ RUN      ] FileSystemTest.Mount_WriteFile
[       OK ] FileSystemTest.Mount_WriteFile
[ RUN      ] FileSystemTest.Mount_NotFound
[       OK ] FileSystemTest.Mount_NotFound
[ RUN      ] FileSystemTest.Mount_MountPoint
[       OK ] FileSystemTest.Mount_MountPoint
[ RUN      ] FileSystemTest.Priority_HigherWins
[       OK ] FileSystemTest.Priority_HigherWins
[ RUN      ] FileSystemTest.Unmount_Removes
[       OK ] FileSystemTest.Unmount_Removes
[ RUN      ] FileSystemTest.Clear_RemovesAll
[       OK ] FileSystemTest.Clear_RemovesAll
[ RUN      ] FileSystemTest.ReadFileNotFound
[       OK ] FileSystemTest.ReadFileNotFound
[ RUN      ] FileSystemTest.WriteAndReadBack
[       OK ] FileSystemTest.WriteAndReadBack
[ RUN      ] FileSystemTest.OverwriteExistingFile
[       OK ] FileSystemTest.OverwriteExistingFile
[ RUN      ] FileSystemTest.MultipleMountPoints
[       OK ] FileSystemTest.MultipleMountPoints
[ RUN      ] FileSystemTest.UnmountOnlyTargetedMountPoint
[       OK ] FileSystemTest.UnmountOnlyTargetedMountPoint
[ RUN      ] FileSystemTest.EmptyFileWrite
[       OK ] FileSystemTest.EmptyFileWrite
[ RUN      ] FileSystemTest.LargeFileContent
[       OK ] FileSystemTest.LargeFileContent
[ RUN      ] FileSystemTest.Priority_LowerDoesNotOverride
[       OK ] FileSystemTest.Priority_LowerDoesNotOverride
[ RUN      ] FileSystemTest.SingletonConsistency
[       OK ] FileSystemTest.SingletonConsistency
[----------] 26 tests from Transform2DTest
[ RUN      ] Transform2DTest.Identity_Values
[       OK ] Transform2DTest.Identity_Values
[ RUN      ] Transform2DTest.Identity_TransformPoint
[       OK ] Transform2DTest.Identity_TransformPoint
[ RUN      ] Transform2DTest.Translation_Values
[       OK ] Transform2DTest.Translation_Values
[ RUN      ] Transform2DTest.Translation_TransformPoint
[       OK ] Transform2DTest.Translation_TransformPoint
[ RUN      ] Transform2DTest.Translation_Zero
[       OK ] Transform2DTest.Translation_Zero
[ RUN      ] Transform2DTest.Scale_Values
[       OK ] Transform2DTest.Scale_Values
[ RUN      ] Transform2DTest.Scale_TransformPoint
[       OK ] Transform2DTest.Scale_TransformPoint
[ RUN      ] Transform2DTest.Scale_Uniform
[       OK ] Transform2DTest.Scale_Uniform
[ RUN      ] Transform2DTest.Scale_Negative
[       OK ] Transform2DTest.Scale_Negative
[ RUN      ] Transform2DTest.Rotation_Zero
[       OK ] Transform2DTest.Rotation_Zero
[ RUN      ] Transform2DTest.Rotation_90Degrees
[       OK ] Transform2DTest.Rotation_90Degrees
[ RUN      ] Transform2DTest.Rotation_180Degrees
[       OK ] Transform2DTest.Rotation_180Degrees
[ RUN      ] Transform2DTest.Rotation_360Degrees
[       OK ] Transform2DTest.Rotation_360Degrees
[ RUN      ] Transform2DTest.Rotation_Negative
[       OK ] Transform2DTest.Rotation_Negative
[ RUN      ] Transform2DTest.Multiply_IdentityLeft
[       OK ] Transform2DTest.Multiply_IdentityLeft
[ RUN      ] Transform2DTest.Multiply_IdentityRight
[       OK ] Transform2DTest.Multiply_IdentityRight
[ RUN      ] Transform2DTest.Multiply_ScaleThenTranslate
[       OK ] Transform2DTest.Multiply_ScaleThenTranslate
[ RUN      ] Transform2DTest.Multiply_TranslateThenScale
[       OK ] Transform2DTest.Multiply_TranslateThenScale
[ RUN      ] Transform2DTest.Multiply_RotateThenTranslate
[       OK ] Transform2DTest.Multiply_RotateThenTranslate
[ RUN      ] Transform2DTest.Inverse_Identity
[       OK ] Transform2DTest.Inverse_Identity
[ RUN      ] Transform2DTest.Inverse_Translation
[       OK ] Transform2DTest.Inverse_Translation
[ RUN      ] Transform2DTest.Inverse_Scale
[       OK ] Transform2DTest.Inverse_Scale
[ RUN      ] Transform2DTest.Inverse_RoundTrip
[       OK ] Transform2DTest.Inverse_RoundTrip
[ RUN      ] Transform2DTest.Inverse_SingularReturnsIdentity
[       OK ] Transform2DTest.Inverse_SingularReturnsIdentity
[ RUN      ] Transform2DTest.Inverse_TransformPointRoundTrip
[       OK ] Transform2DTest.Inverse_TransformPointRoundTrip
[ RUN      ] Transform2DTest.DefaultConstructor_IsIdentity
[       OK ] Transform2DTest.DefaultConstructor_IsIdentity
[----------] 16 tests from Camera2DTest
[ RUN      ] Camera2DTest.Default_Position
[       OK ] Camera2DTest.Default_Position
[ RUN      ] Camera2DTest.Default_Zoom
[       OK ] Camera2DTest.Default_Zoom
[ RUN      ] Camera2DTest.Default_Rotation
[       OK ] Camera2DTest.Default_Rotation
[ RUN      ] Camera2DTest.SetPosition
[       OK ] Camera2DTest.SetPosition
[ RUN      ] Camera2DTest.SetZoom
[       OK ] Camera2DTest.SetZoom
[ RUN      ] Camera2DTest.SetRotation
[       OK ] Camera2DTest.SetRotation
[ RUN      ] Camera2DTest.SetPosition_Multiple
[       OK ] Camera2DTest.SetPosition_Multiple
[ RUN      ] Camera2DTest.VP_Default_IsOrthographic
[       OK ] Camera2DTest.VP_Default_IsOrthographic
[ RUN      ] Camera2DTest.VP_OriginMapsToTopLeft
[       OK ] Camera2DTest.VP_OriginMapsToTopLeft
[ RUN      ] Camera2DTest.VP_ZoomAffectsScale
[       OK ] Camera2DTest.VP_ZoomAffectsScale
[ RUN      ] Camera2DTest.VP_TranslationMovesView
[       OK ] Camera2DTest.VP_TranslationMovesView
[ RUN      ] Camera2DTest.VP_DifferentScreenSizes
[       OK ] Camera2DTest.VP_DifferentScreenSizes
[ RUN      ] Camera2DTest.VP_RotationAffectsMatrix
[       OK ] Camera2DTest.VP_RotationAffectsMatrix
[ RUN      ] Camera2DTest.Zoom_VerySmall
[       OK ] Camera2DTest.Zoom_VerySmall
[ RUN      ] Camera2DTest.Zoom_VeryLarge
[       OK ] Camera2DTest.Zoom_VeryLarge
[ RUN      ] Camera2DTest.Position_Negative
[       OK ] Camera2DTest.Position_Negative
[----------] 29 tests from Camera3DTest
[ RUN      ] Camera3DTest.Default_Position
[       OK ] Camera3DTest.Default_Position
[ RUN      ] Camera3DTest.Default_Mode
[       OK ] Camera3DTest.Default_Mode
[ RUN      ] Camera3DTest.SetPerspective_FOV
[       OK ] Camera3DTest.SetPerspective_FOV
[ RUN      ] Camera3DTest.ProjectionMatrix_NotZero
[       OK ] Camera3DTest.ProjectionMatrix_NotZero
[ RUN      ] Camera3DTest.ViewMatrix_AtOrigin
[       OK ] Camera3DTest.ViewMatrix_AtOrigin
[ RUN      ] Camera3DTest.SetOrthographic
[       OK ] Camera3DTest.SetOrthographic
[ RUN      ] Camera3DTest.OrthoProjectionMatrix_NotZero
[       OK ] Camera3DTest.OrthoProjectionMatrix_NotZero
[ RUN      ] Camera3DTest.SetPosition_Float3
[       OK ] Camera3DTest.SetPosition_Float3
[ RUN      ] Camera3DTest.SetPosition_ThreeFloats
[       OK ] Camera3DTest.SetPosition_ThreeFloats
[ RUN      ] Camera3DTest.LookAt_Forward
[       OK ] Camera3DTest.LookAt_Forward
[ RUN      ] Camera3DTest.LookAt_SetsPitchYaw
[       OK ] Camera3DTest.LookAt_SetsPitchYaw
[ RUN      ] Camera3DTest.Forward_IsUnit
[       OK ] Camera3DTest.Forward_IsUnit
[ RUN      ] Camera3DTest.Right_IsUnit
[       OK ] Camera3DTest.Right_IsUnit
[ RUN      ] Camera3DTest.Up_IsUnit
[       OK ] Camera3DTest.Up_IsUnit
[ RUN      ] Camera3DTest.ForwardRight_Orthogonal
[       OK ] Camera3DTest.ForwardRight_Orthogonal
[ RUN      ] Camera3DTest.Rotate_ChangesPitchYaw
[       OK ] Camera3DTest.Rotate_ChangesPitchYaw
[ RUN      ] Camera3DTest.SetPitch_Clamps
[       OK ] Camera3DTest.SetPitch_Clamps
[ RUN      ] Camera3DTest.MoveForward
[       OK ] Camera3DTest.MoveForward
[ RUN      ] Camera3DTest.MoveRight
[       OK ] Camera3DTest.MoveRight
[ RUN      ] Camera3DTest.MoveUp
[       OK ] Camera3DTest.MoveUp
[ RUN      ] Camera3DTest.Jitter_Default
[       OK ] Camera3DTest.Jitter_Default
[ RUN      ] Camera3DTest.SetJitter
[       OK ] Camera3DTest.SetJitter
[ RUN      ] Camera3DTest.ClearJitter
[       OK ] Camera3DTest.ClearJitter
[ RUN      ] Camera3DTest.JitteredProjection_DiffersFromNormal
[       OK ] Camera3DTest.JitteredProjection_DiffersFromNormal
[ RUN      ] Camera3DTest.SetMode_FPS
[       OK ] Camera3DTest.SetMode_FPS
[ RUN      ] Camera3DTest.SetMode_TPS
[       OK ] Camera3DTest.SetMode_TPS
[ RUN      ] Camera3DTest.SetMode_Free
[       OK ] Camera3DTest.SetMode_Free
[ RUN      ] Camera3DTest.VP_NotZero
[       OK ] Camera3DTest.VP_NotZero
[ RUN      ] Camera3DTest.TPS_Distance
[       OK ] Camera3DTest.TPS_Distance
[----------] 20 tests from LightTest
[ RUN      ] LightTest.Directional_Type
[       OK ] LightTest.Directional_Type
[ RUN      ] LightTest.Directional_Color
[       OK ] LightTest.Directional_Color
[ RUN      ] LightTest.Directional_DirectionNormalized
[       OK ] LightTest.Directional_DirectionNormalized
[ RUN      ] LightTest.Directional_DirectionValues
[       OK ] LightTest.Directional_DirectionValues
[ RUN      ] LightTest.Directional_RangeIgnored
[       OK ] LightTest.Directional_RangeIgnored
[ RUN      ] LightTest.Point_Type
[       OK ] LightTest.Point_Type
[ RUN      ] LightTest.Point_Position
[       OK ] LightTest.Point_Position
[ RUN      ] LightTest.Point_Range
[       OK ] LightTest.Point_Range
[ RUN      ] LightTest.Point_Color
[       OK ] LightTest.Point_Color
[ RUN      ] LightTest.Point_Intensity
[       OK ] LightTest.Point_Intensity
[ RUN      ] LightTest.Spot_Type
[       OK ] LightTest.Spot_Type
[ RUN      ] LightTest.Spot_Position
[       OK ] LightTest.Spot_Position
[ RUN      ] LightTest.Spot_Range
[       OK ] LightTest.Spot_Range
[ RUN      ] LightTest.Spot_DirectionNormalized
[       OK ] LightTest.Spot_DirectionNormalized
[ RUN      ] LightTest.Spot_AngleDeg
[       OK ] LightTest.Spot_AngleDeg
[ RUN      ] LightTest.Spot_Color
[       OK ] LightTest.Spot_Color
[ RUN      ] LightTest.Constants_MaxLights
[       OK ] LightTest.Constants_MaxLights
[ RUN      ] LightTest.Constants_DefaultStruct
[       OK ] LightTest.Constants_DefaultStruct
[ RUN      ] LightTest.LightType_Values
[       OK ] LightTest.LightType_Values
[ RUN      ] LightTest.MultipleLights_DifferentTypes
[       OK ] LightTest.MultipleLights_DifferentTypes
[----------] 9 tests from MaterialTest
[ RUN      ] MaterialTest.Constants_DefaultAlbedo
[       OK ] MaterialTest.Constants_DefaultAlbedo
[ RUN      ] MaterialTest.Constants_SetValues
[       OK ] MaterialTest.Constants_SetValues
[ RUN      ] MaterialTest.Constants_EmissiveFactor
[       OK ] MaterialTest.Constants_EmissiveFactor
[ RUN      ] MaterialTest.Constants_Flags
[       OK ] MaterialTest.Constants_Flags
[ RUN      ] MaterialTest.Flags_AllUnique
[       OK ] MaterialTest.Flags_AllUnique
[ RUN      ] MaterialTest.Flags_ArePowerOf2
[       OK ] MaterialTest.Flags_ArePowerOf2
[ RUN      ] MaterialTest.Struct_DefaultHandles
[       OK ] MaterialTest.Struct_DefaultHandles
[ RUN      ] MaterialTest.Struct_ShaderModel
[       OK ] MaterialTest.Struct_ShaderModel
[ RUN      ] MaterialTest.Struct_SetTextureHandles
[       OK ] MaterialTest.Struct_SetTextureHandles
[----------] 12 tests from MaterialManagerTest
[ RUN      ] MaterialManagerTest.CreateMaterial_ReturnsHandle
[       OK ] MaterialManagerTest.CreateMaterial_ReturnsHandle
[ RUN      ] MaterialManagerTest.GetMaterial_Valid
[       OK ] MaterialManagerTest.GetMaterial_Valid
[ RUN      ] MaterialManagerTest.GetMaterial_InvalidHandle
[       OK ] MaterialManagerTest.GetMaterial_InvalidHandle
[ RUN      ] MaterialManagerTest.ReleaseMaterial
[       OK ] MaterialManagerTest.ReleaseMaterial
[ RUN      ] MaterialManagerTest.ReuseHandleAfterRelease
[       OK ] MaterialManagerTest.ReuseHandleAfterRelease
[ RUN      ] MaterialManagerTest.MultipleCreates
[       OK ] MaterialManagerTest.MultipleCreates
[ RUN      ] MaterialManagerTest.SetTexture
[       OK ] MaterialManagerTest.SetTexture
[ RUN      ] MaterialManagerTest.SetTexture_InvalidHandle
[       OK ] MaterialManagerTest.SetTexture_InvalidHandle
[ RUN      ] MaterialManagerTest.SetTexture_AllSlots
[       OK ] MaterialManagerTest.SetTexture_AllSlots
[ RUN      ] MaterialManagerTest.SetShaderHandle
[       OK ] MaterialManagerTest.SetShaderHandle
[ RUN      ] MaterialManagerTest.SetShaderHandle_Invalid
[       OK ] MaterialManagerTest.SetShaderHandle_Invalid
[ RUN      ] MaterialManagerTest.MaxMaterials_Constant
[       OK ] MaterialManagerTest.MaxMaterials_Constant
[----------] 23 tests from XMLParserTest
[ RUN      ] XMLParserTest.LoadFromString_EmptyFails
[01:40:55.627] [ERROR] XMLDocument: Failed to parse root node
[       OK ] XMLParserTest.LoadFromString_EmptyFails
[ RUN      ] XMLParserTest.LoadFromString_Simple
[       OK ] XMLParserTest.LoadFromString_Simple
[ RUN      ] XMLParserTest.LoadFromString_SelfClosing
[       OK ] XMLParserTest.LoadFromString_SelfClosing
[ RUN      ] XMLParserTest.LoadFromString_WithText
[       OK ] XMLParserTest.LoadFromString_WithText
[ RUN      ] XMLParserTest.Attribute_Single
[       OK ] XMLParserTest.Attribute_Single
[ RUN      ] XMLParserTest.Attribute_Multiple
[       OK ] XMLParserTest.Attribute_Multiple
[ RUN      ] XMLParserTest.Attribute_NotFound
[       OK ] XMLParserTest.Attribute_NotFound
[ RUN      ] XMLParserTest.Attribute_DefaultValue
[       OK ] XMLParserTest.Attribute_DefaultValue
[ RUN      ] XMLParserTest.Attribute_EmptyValue
[       OK ] XMLParserTest.Attribute_EmptyValue
[ RUN      ] XMLParserTest.Children_Single
[       OK ] XMLParserTest.Children_Single
[ RUN      ] XMLParserTest.Children_Multiple
[       OK ] XMLParserTest.Children_Multiple
[ RUN      ] XMLParserTest.Children_Nested
[       OK ] XMLParserTest.Children_Nested
[ RUN      ] XMLParserTest.Children_DeeplyNested
[       OK ] XMLParserTest.Children_DeeplyNested
[ RUN      ] XMLParserTest.Text_Simple
[       OK ] XMLParserTest.Text_Simple
[ RUN      ] XMLParserTest.Text_WithChildren
[       OK ] XMLParserTest.Text_WithChildren
[ RUN      ] XMLParserTest.Text_Empty
[       OK ] XMLParserTest.Text_Empty
[ RUN      ] XMLParserTest.Mixed_AttributesAndChildren
[       OK ] XMLParserTest.Mixed_AttributesAndChildren
[ RUN      ] XMLParserTest.Mixed_AttributesAndText
[       OK ] XMLParserTest.Mixed_AttributesAndText
[ RUN      ] XMLParserTest.Error_InvalidXML
[01:40:55.628] [ERROR] XMLDocument: Expected '>' for tag 'unclosed' at position 9
[01:40:55.628] [ERROR] XMLDocument: Failed to parse root node
[       OK ] XMLParserTest.Error_InvalidXML
[ RUN      ] XMLParserTest.Error_MismatchedTags
[01:40:55.628] [ERROR] XMLDocument: Mismatched tags: expected </open>, got </close> at position 13
[       OK ] XMLParserTest.Error_MismatchedTags
[ RUN      ] XMLParserTest.Error_NoRoot
[01:40:55.628] [ERROR] XMLDocument: Failed to parse root node
[       OK ] XMLParserTest.Error_NoRoot
[ RUN      ] XMLParserTest.GUILayout
[       OK ] XMLParserTest.GUILayout
[ RUN      ] XMLParserTest.ReloadDocument
[       OK ] XMLParserTest.ReloadDocument
[----------] 24 tests from TilemapTest
[ RUN      ] TilemapTest.Create_Dimensions
[       OK ] TilemapTest.Create_Dimensions
[ RUN      ] TilemapTest.Create_PixelSize
[       OK ] TilemapTest.Create_PixelSize
[ RUN      ] TilemapTest.Create_NoLayers
[       OK ] TilemapTest.Create_NoLayers
[ RUN      ] TilemapTest.AddLayer_Single
[       OK ] TilemapTest.AddLayer_Single
[ RUN      ] TilemapTest.AddLayer_Multiple
[       OK ] TilemapTest.AddLayer_Multiple
[ RUN      ] TilemapTest.GetLayer_Name
[       OK ] TilemapTest.GetLayer_Name
[ RUN      ] TilemapTest.GetLayer_MutableAccess
[       OK ] TilemapTest.GetLayer_MutableAccess
[ RUN      ] TilemapTest.GetTile_Default
[       OK ] TilemapTest.GetTile_Default
[ RUN      ] TilemapTest.SetTile_AndGet
[       OK ] TilemapTest.SetTile_AndGet
[ RUN      ] TilemapTest.SetTile_MultiplePositions
[       OK ] TilemapTest.SetTile_MultiplePositions
[ RUN      ] TilemapTest.SetTile_Overwrite
[       OK ] TilemapTest.SetTile_Overwrite
[ RUN      ] TilemapTest.SetTile_DoesNotAffectOthers
[       OK ] TilemapTest.SetTile_DoesNotAffectOthers
[ RUN      ] TilemapTest.WorldToTile_Origin
[       OK ] TilemapTest.WorldToTile_Origin
[ RUN      ] TilemapTest.WorldToTile_Center
[       OK ] TilemapTest.WorldToTile_Center
[ RUN      ] TilemapTest.WorldToTile_EdgeOfTile
[       OK ] TilemapTest.WorldToTile_EdgeOfTile
[ RUN      ] TilemapTest.WorldToTile_SecondTile
[       OK ] TilemapTest.WorldToTile_SecondTile
[ RUN      ] TilemapTest.WorldToTile_LargeTileSize
[       OK ] TilemapTest.WorldToTile_LargeTileSize
[ RUN      ] TilemapTest.TileToWorld_Origin
[       OK ] TilemapTest.TileToWorld_Origin
[ RUN      ] TilemapTest.TileToWorld_NextTile
[       OK ] TilemapTest.TileToWorld_NextTile
[ RUN      ] TilemapTest.TileToWorld_Diagonal
[       OK ] TilemapTest.TileToWorld_Diagonal
[ RUN      ] TilemapTest.TileToWorld_RoundTrip
[       OK ] TilemapTest.TileToWorld_RoundTrip
[ RUN      ] TilemapTest.AddTileset
[       OK ] TilemapTest.AddTileset
[ RUN      ] TilemapTest.NonSquareTiles
[       OK ] TilemapTest.NonSquareTiles
[ RUN      ] TilemapTest.NonSquareTiles_WorldToTile
[       OK ] TilemapTest.NonSquareTiles_WorldToTile
[----------] 6 tests from IKTest
[ RUN      ] IKTest.Chain_Defaults
[       OK ] IKTest.Chain_Defaults
[ RUN      ] IKTest.Chain_SetValues
[       OK ] IKTest.Chain_SetValues
[ RUN      ] IKTest.Solve_ReachableTarget
[       OK ] IKTest.Solve_ReachableTarget
[ RUN      ] IKTest.Solve_UnreachableTarget
[       OK ] IKTest.Solve_UnreachableTarget
[ RUN      ] IKTest.Solve_AlreadyAtTarget
[       OK ] IKTest.Solve_AlreadyAtTarget
[ RUN      ] IKTest.Solve_SingleJointChain
[       OK ] IKTest.Solve_SingleJointChain
[----------] 10 tests from LookAtIKTest
[ RUN      ] LookAtIKTest.DefaultState
[       OK ] LookAtIKTest.DefaultState
[ RUN      ] LookAtIKTest.SetEnabled
[       OK ] LookAtIKTest.SetEnabled
[ RUN      ] LookAtIKTest.SetMaxAngle
[       OK ] LookAtIKTest.SetMaxAngle
[ RUN      ] LookAtIKTest.Setup_ValidJoints
[       OK ] LookAtIKTest.Setup_ValidJoints
[ RUN      ] LookAtIKTest.Setup_HeadOnly
[       OK ] LookAtIKTest.Setup_HeadOnly
[ RUN      ] LookAtIKTest.Setup_InvalidJoint
[01:40:55.629] [WARN]  LookAtIK: head joint 'NonExistent' not found
[       OK ] LookAtIKTest.Setup_InvalidJoint
[ RUN      ] LookAtIKTest.Apply_NoSetup
[       OK ] LookAtIKTest.Apply_NoSetup
[ RUN      ] LookAtIKTest.Apply_WithSetup
[       OK ] LookAtIKTest.Apply_WithSetup
[ RUN      ] LookAtIKTest.Apply_WeightZero
[       OK ] LookAtIKTest.Apply_WeightZero
[ RUN      ] LookAtIKTest.Apply_Disabled
[       OK ] LookAtIKTest.Apply_Disabled
[----------] 24 tests from ASMTest
[ RUN      ] ASMTest.AddState_ReturnsIndex
[       OK ] ASMTest.AddState_ReturnsIndex
[ RUN      ] ASMTest.AddState_MultipleStates
[       OK ] ASMTest.AddState_MultipleStates
[ RUN      ] ASMTest.GetStateCount
[       OK ] ASMTest.GetStateCount
[ RUN      ] ASMTest.GetState_Valid
[       OK ] ASMTest.GetState_Valid
[ RUN      ] ASMTest.GetState_OutOfRange
[       OK ] ASMTest.GetState_OutOfRange
[ RUN      ] ASMTest.GetCurrentState_Default
[       OK ] ASMTest.GetCurrentState_Default
[ RUN      ] ASMTest.SetCurrentState
[       OK ] ASMTest.SetCurrentState
[ RUN      ] ASMTest.AddTransition
[       OK ] ASMTest.AddTransition
[ RUN      ] ASMTest.Transition_MultipleRules
[       OK ] ASMTest.Transition_MultipleRules
[ RUN      ] ASMTest.IsTransitioning_Default
[       OK ] ASMTest.IsTransitioning_Default
[ RUN      ] ASMTest.Trigger_ChangesState
[       OK ] ASMTest.Trigger_ChangesState
[ RUN      ] ASMTest.Trigger_CompletesTransition
[       OK ] ASMTest.Trigger_CompletesTransition
[ RUN      ] ASMTest.Trigger_WrongState
[       OK ] ASMTest.Trigger_WrongState
[ RUN      ] ASMTest.Trigger_NonExistentTrigger
[       OK ] ASMTest.Trigger_NonExistentTrigger
[ RUN      ] ASMTest.Float_DefaultZero
[       OK ] ASMTest.Float_DefaultZero
[ RUN      ] ASMTest.Float_SetAndGet
[       OK ] ASMTest.Float_SetAndGet
[ RUN      ] ASMTest.Float_MultipleParams
[       OK ] ASMTest.Float_MultipleParams
[ RUN      ] ASMTest.Float_Overwrite
[       OK ] ASMTest.Float_Overwrite
[ RUN      ] ASMTest.ExitTime_Transition
[       OK ] ASMTest.ExitTime_Transition
[ RUN      ] ASMTest.Update_ProducesValidPose
[       OK ] ASMTest.Update_ProducesValidPose
[ RUN      ] ASMTest.Update_WithBindPose
[       OK ] ASMTest.Update_WithBindPose
[ RUN      ] ASMTest.ChainTransition
[       OK ] ASMTest.ChainTransition
[ RUN      ] ASMTest.StateProperties
[       OK ] ASMTest.StateProperties
[ RUN      ] ASMTest.TransitionProperties
[       OK ] ASMTest.TransitionProperties
[----------] 20 tests from BlendStackTest
[ RUN      ] BlendStackTest.MaxLayers
[       OK ] BlendStackTest.MaxLayers
[ RUN      ] BlendStackTest.Empty_NoActiveLayers
[       OK ] BlendStackTest.Empty_NoActiveLayers
[ RUN      ] BlendStackTest.SetLayer_ActivatesLayer
[       OK ] BlendStackTest.SetLayer_ActivatesLayer
[ RUN      ] BlendStackTest.SetLayer_MultipleLayers
[       OK ] BlendStackTest.SetLayer_MultipleLayers
[ RUN      ] BlendStackTest.GetLayer_Active
[       OK ] BlendStackTest.GetLayer_Active
[ RUN      ] BlendStackTest.GetLayer_Inactive
[       OK ] BlendStackTest.GetLayer_Inactive
[ RUN      ] BlendStackTest.GetLayer_OutOfRange
[       OK ] BlendStackTest.GetLayer_OutOfRange
[ RUN      ] BlendStackTest.RemoveLayer
[       OK ] BlendStackTest.RemoveLayer
[ RUN      ] BlendStackTest.RemoveLayer_InvalidIndex
[       OK ] BlendStackTest.RemoveLayer_InvalidIndex
[ RUN      ] BlendStackTest.SetLayerWeight
[       OK ] BlendStackTest.SetLayerWeight
[ RUN      ] BlendStackTest.SetLayerClip
[       OK ] BlendStackTest.SetLayerClip
[ RUN      ] BlendStackTest.LayerDefaults
[       OK ] BlendStackTest.LayerDefaults
[ RUN      ] BlendStackTest.AnimBlendMode_Values
[       OK ] BlendStackTest.AnimBlendMode_Values
[ RUN      ] BlendStackTest.Update_SingleLayer_ProducesValidPose
[       OK ] BlendStackTest.Update_SingleLayer_ProducesValidPose
[ RUN      ] BlendStackTest.Update_SingleLayer_Interpolation
[       OK ] BlendStackTest.Update_SingleLayer_Interpolation
[ RUN      ] BlendStackTest.Update_TwoLayers_Override
[       OK ] BlendStackTest.Update_TwoLayers_Override
[ RUN      ] BlendStackTest.Update_PartialWeight
[       OK ] BlendStackTest.Update_PartialWeight
[ RUN      ] BlendStackTest.Update_Additive
[       OK ] BlendStackTest.Update_Additive
[ RUN      ] BlendStackTest.Update_WithBindPose
[       OK ] BlendStackTest.Update_WithBindPose
[ RUN      ] BlendStackTest.Update_ZeroDeltaTime
[       OK ] BlendStackTest.Update_ZeroDeltaTime
[----------] 19 tests from BlendTreeTest
[ RUN      ] BlendTreeTest.DefaultType_1D
[       OK ] BlendTreeTest.DefaultType_1D
[ RUN      ] BlendTreeTest.SetType_2D
[       OK ] BlendTreeTest.SetType_2D
[ RUN      ] BlendTreeTest.AddNode
[       OK ] BlendTreeTest.AddNode
[ RUN      ] BlendTreeTest.AddNode_Multiple
[       OK ] BlendTreeTest.AddNode_Multiple
[ RUN      ] BlendTreeTest.ClearNodes
[       OK ] BlendTreeTest.ClearNodes
[ RUN      ] BlendTreeTest.NodeDefaults
[       OK ] BlendTreeTest.NodeDefaults
[ RUN      ] BlendTreeTest.Parameter_Default
[       OK ] BlendTreeTest.Parameter_Default
[ RUN      ] BlendTreeTest.SetParameter_1D
[       OK ] BlendTreeTest.SetParameter_1D
[ RUN      ] BlendTreeTest.SetParameter_2D
[       OK ] BlendTreeTest.SetParameter_2D
[ RUN      ] BlendTreeTest.Duration_Empty
[       OK ] BlendTreeTest.Duration_Empty
[ RUN      ] BlendTreeTest.Duration_ReturnsLongest
[       OK ] BlendTreeTest.Duration_ReturnsLongest
[ RUN      ] BlendTreeTest.Evaluate1D_AtFirstNode
[       OK ] BlendTreeTest.Evaluate1D_AtFirstNode
[ RUN      ] BlendTreeTest.Evaluate1D_AtSecondNode
[       OK ] BlendTreeTest.Evaluate1D_AtSecondNode
[ RUN      ] BlendTreeTest.Evaluate1D_Midpoint
[       OK ] BlendTreeTest.Evaluate1D_Midpoint
[ RUN      ] BlendTreeTest.Evaluate1D_SingleNode
[       OK ] BlendTreeTest.Evaluate1D_SingleNode
[ RUN      ] BlendTreeTest.Evaluate1D_ThreeNodes
[       OK ] BlendTreeTest.Evaluate1D_ThreeNodes
[ RUN      ] BlendTreeTest.Evaluate2D_Center
[       OK ] BlendTreeTest.Evaluate2D_Center
[ RUN      ] BlendTreeTest.Evaluate2D_ProducesValidPose
[       OK ] BlendTreeTest.Evaluate2D_ProducesValidPose
[ RUN      ] BlendTreeTest.Evaluate_WithBindPose
[       OK ] BlendTreeTest.Evaluate_WithBindPose
[----------] 8 tests from ServiceLocatorTest
[ RUN      ] ServiceLocatorTest.RegisterAndGet
[       OK ] ServiceLocatorTest.RegisterAndGet
[ RUN      ] ServiceLocatorTest.Has
[       OK ] ServiceLocatorTest.Has
[ RUN      ] ServiceLocatorTest.GetThrowsWhenNotRegistered
[       OK ] ServiceLocatorTest.GetThrowsWhenNotRegistered
[ RUN      ] ServiceLocatorTest.Clear
[       OK ] ServiceLocatorTest.Clear
[ RUN      ] ServiceLocatorTest.EngineSetAndGetAudioDevice
[       OK ] ServiceLocatorTest.EngineSetAndGetAudioDevice
[ RUN      ] ServiceLocatorTest.MockAudioDeviceLifecycle
[       OK ] ServiceLocatorTest.MockAudioDeviceLifecycle
[ RUN      ] ServiceLocatorTest.MultipleServicesCoexist
[       OK ] ServiceLocatorTest.MultipleServicesCoexist
[ RUN      ] ServiceLocatorTest.RegisterOverwritesPrevious
[       OK ] ServiceLocatorTest.RegisterOverwritesPrevious
[----------] 6 tests from MathUtilExtTest
[ RUN      ] MathUtilExtTest.MoveTowards
[       OK ] MathUtilExtTest.MoveTowards
[ RUN      ] MathUtilExtTest.DeltaAngle
[       OK ] MathUtilExtTest.DeltaAngle
[ RUN      ] MathUtilExtTest.Repeat
[       OK ] MathUtilExtTest.Repeat
[ RUN      ] MathUtilExtTest.PingPong
[       OK ] MathUtilExtTest.PingPong
[ RUN      ] MathUtilExtTest.SmoothDamp
[       OK ] MathUtilExtTest.SmoothDamp
[ RUN      ] MathUtilExtTest.SmoothDampAngle
[       OK ] MathUtilExtTest.SmoothDampAngle
[----------] 6 tests from Vector2ExtTest
[ RUN      ] Vector2ExtTest.Perpendicular
[       OK ] Vector2ExtTest.Perpendicular
[ RUN      ] Vector2ExtTest.Scale
[       OK ] Vector2ExtTest.Scale
[ RUN      ] Vector2ExtTest.MoveTowards
[       OK ] Vector2ExtTest.MoveTowards
[ RUN      ] Vector2ExtTest.ClampMagnitude
[       OK ] Vector2ExtTest.ClampMagnitude
[ RUN      ] Vector2ExtTest.Angle
[       OK ] Vector2ExtTest.Angle
[ RUN      ] Vector2ExtTest.SignedAngle
[       OK ] Vector2ExtTest.SignedAngle
[----------] 9 tests from Vector3ExtTest
[ RUN      ] Vector3ExtTest.Scale
[       OK ] Vector3ExtTest.Scale
[ RUN      ] Vector3ExtTest.Project
[       OK ] Vector3ExtTest.Project
[ RUN      ] Vector3ExtTest.ProjectOnPlane
[       OK ] Vector3ExtTest.ProjectOnPlane
[ RUN      ] Vector3ExtTest.MoveTowards
[       OK ] Vector3ExtTest.MoveTowards
[ RUN      ] Vector3ExtTest.ClampMagnitude
[       OK ] Vector3ExtTest.ClampMagnitude
[ RUN      ] Vector3ExtTest.Slerp
[       OK ] Vector3ExtTest.Slerp
[ RUN      ] Vector3ExtTest.Angle
[       OK ] Vector3ExtTest.Angle
[ RUN      ] Vector3ExtTest.SignedAngle
[       OK ] Vector3ExtTest.SignedAngle
[ RUN      ] Vector3ExtTest.LerpSIMD
[       OK ] Vector3ExtTest.LerpSIMD
[----------] 3 tests from Vector4ExtTest
[ RUN      ] Vector4ExtTest.Min
[       OK ] Vector4ExtTest.Min
[ RUN      ] Vector4ExtTest.Max
[       OK ] Vector4ExtTest.Max
[ RUN      ] Vector4ExtTest.LerpSIMD
[       OK ] Vector4ExtTest.LerpSIMD
[----------] 6 tests from QuaternionExtTest
[ RUN      ] QuaternionExtTest.Euler
[       OK ] QuaternionExtTest.Euler
[ RUN      ] QuaternionExtTest.LookRotation
[       OK ] QuaternionExtTest.LookRotation
[ RUN      ] QuaternionExtTest.FromToRotation
[       OK ] QuaternionExtTest.FromToRotation
[ RUN      ] QuaternionExtTest.FromToRotation180
[       OK ] QuaternionExtTest.FromToRotation180
[ RUN      ] QuaternionExtTest.AngleBetween
[       OK ] QuaternionExtTest.AngleBetween
[ RUN      ] QuaternionExtTest.RotateTowards
[       OK ] QuaternionExtTest.RotateTowards
[----------] 4 tests from Matrix4x4ExtTest
[ RUN      ] Matrix4x4ExtTest.TRS
[       OK ] Matrix4x4ExtTest.TRS
[ RUN      ] Matrix4x4ExtTest.TRSIdentity
[       OK ] Matrix4x4ExtTest.TRSIdentity
[ RUN      ] Matrix4x4ExtTest.DeterminantIdentity
[       OK ] Matrix4x4ExtTest.DeterminantIdentity
[ RUN      ] Matrix4x4ExtTest.DeterminantScaling
[       OK ] Matrix4x4ExtTest.DeterminantScaling
[----------] 3 tests from ColorSIMDTest
[ RUN      ] ColorSIMDTest.ScalarMul
[       OK ] ColorSIMDTest.ScalarMul
[ RUN      ] ColorSIMDTest.Add
[       OK ] ColorSIMDTest.Add
[ RUN      ] ColorSIMDTest.Lerp
[       OK ] ColorSIMDTest.Lerp
[----------] 8 tests from BatchTest
[ RUN      ] BatchTest.TransformPointsBasic
[       OK ] BatchTest.TransformPointsBasic
[ RUN      ] BatchTest.TransformPointsZeroCount
[       OK ] BatchTest.TransformPointsZeroCount
[ RUN      ] BatchTest.TransformVectors
[       OK ] BatchTest.TransformVectors
[ RUN      ] BatchTest.NormalizeArray
[       OK ] BatchTest.NormalizeArray
[ RUN      ] BatchTest.NormalizeArrayZeroCount
[       OK ] BatchTest.NormalizeArrayZeroCount
[ RUN      ] BatchTest.LerpArray
[       OK ] BatchTest.LerpArray
[ RUN      ] BatchTest.DotArray
[       OK ] BatchTest.DotArray
[ RUN      ] BatchTest.SingleElement
[       OK ] BatchTest.SingleElement
[----------] 18 tests from CapsuleTest
[ RUN      ] CapsuleTest.Center
[       OK ] CapsuleTest.Center
[ RUN      ] CapsuleTest.Height
[       OK ] CapsuleTest.Height
[ RUN      ] CapsuleTest.CapsuleVsCapsule_Overlap
[       OK ] CapsuleTest.CapsuleVsCapsule_Overlap
[ RUN      ] CapsuleTest.CapsuleVsCapsule_Separated
[       OK ] CapsuleTest.CapsuleVsCapsule_Separated
[ RUN      ] CapsuleTest.CapsuleVsCapsule_Touching
[       OK ] CapsuleTest.CapsuleVsCapsule_Touching
[ RUN      ] CapsuleTest.CapsuleVsCapsule_Perpendicular
[       OK ] CapsuleTest.CapsuleVsCapsule_Perpendicular
[ RUN      ] CapsuleTest.CapsuleVsSphere_Overlap
[       OK ] CapsuleTest.CapsuleVsSphere_Overlap
[ RUN      ] CapsuleTest.CapsuleVsSphere_Separated
[       OK ] CapsuleTest.CapsuleVsSphere_Separated
[ RUN      ] CapsuleTest.CapsuleVsSphere_NearEnd
[       OK ] CapsuleTest.CapsuleVsSphere_NearEnd
[ RUN      ] CapsuleTest.CapsuleVsAABB_Overlap
[       OK ] CapsuleTest.CapsuleVsAABB_Overlap
[ RUN      ] CapsuleTest.CapsuleVsAABB_Separated
[       OK ] CapsuleTest.CapsuleVsAABB_Separated
[ RUN      ] CapsuleTest.RaycastCapsule_Hit
[       OK ] CapsuleTest.RaycastCapsule_Hit
[ RUN      ] CapsuleTest.RaycastCapsule_Miss
[       OK ] CapsuleTest.RaycastCapsule_Miss
[ RUN      ] CapsuleTest.RaycastCapsule_HitCap
[       OK ] CapsuleTest.RaycastCapsule_HitCap
[ RUN      ] CapsuleTest.IntersectCapsuleVsSphere_Hit
[       OK ] CapsuleTest.IntersectCapsuleVsSphere_Hit
[ RUN      ] CapsuleTest.IntersectCapsuleVsSphere_NoHit
[       OK ] CapsuleTest.IntersectCapsuleVsSphere_NoHit
[ RUN      ] CapsuleTest.ClosestPointOnCapsule_Side
[       OK ] CapsuleTest.ClosestPointOnCapsule_Side
[ RUN      ] CapsuleTest.ClosestPointOnCapsule_End
[       OK ] CapsuleTest.ClosestPointOnCapsule_End
[----------] 3 tests from OBBExtendedTest
[ RUN      ] OBBExtendedTest.IntersectOBBVsOBB_Overlap
[       OK ] OBBExtendedTest.IntersectOBBVsOBB_Overlap
[ RUN      ] OBBExtendedTest.IntersectOBBVsOBB_Separated
[       OK ] OBBExtendedTest.IntersectOBBVsOBB_Separated
[ RUN      ] OBBExtendedTest.IntersectOBBVsOBB_NormalDirection
[       OK ] OBBExtendedTest.IntersectOBBVsOBB_NormalDirection
[----------] 6 tests from GJKTest
[ RUN      ] GJKTest.TestGJK_BoxesOverlap
[       OK ] GJKTest.TestGJK_BoxesOverlap
[ RUN      ] GJKTest.TestGJK_BoxesSeparated
[       OK ] GJKTest.TestGJK_BoxesSeparated
[ RUN      ] GJKTest.TestGJK_BoxesContained
[       OK ] GJKTest.TestGJK_BoxesContained
[ RUN      ] GJKTest.IntersectGJKEPA_BoxesOverlap
[       OK ] GJKTest.IntersectGJKEPA_BoxesOverlap
[ RUN      ] GJKTest.IntersectGJKEPA_BoxesSeparated
[       OK ] GJKTest.IntersectGJKEPA_BoxesSeparated
[ RUN      ] GJKTest.IntersectGJKEPA_BoxesDeepOverlap
[       OK ] GJKTest.IntersectGJKEPA_BoxesDeepOverlap
[----------] 1 test from PhysicsConstraintIDTest
[ RUN      ] PhysicsConstraintIDTest.DefaultInvalid
[       OK ] PhysicsConstraintIDTest.DefaultInvalid
[----------] 3 tests from PhysicsConstraintSettingsTest
[ RUN      ] PhysicsConstraintSettingsTest.FixedDefaults
[       OK ] PhysicsConstraintSettingsTest.FixedDefaults
[ RUN      ] PhysicsConstraintSettingsTest.HingeDefaults
[       OK ] PhysicsConstraintSettingsTest.HingeDefaults
[ RUN      ] PhysicsConstraintSettingsTest.DistanceDefaults
[       OK ] PhysicsConstraintSettingsTest.DistanceDefaults
[----------] 16 tests from PhysicsExtendedTest
[ RUN      ] PhysicsExtendedTest.CreateFixedConstraint
[       OK ] PhysicsExtendedTest.CreateFixedConstraint
[ RUN      ] PhysicsExtendedTest.CreateHingeConstraint
[       OK ] PhysicsExtendedTest.CreateHingeConstraint
[ RUN      ] PhysicsExtendedTest.CreatePointConstraint
[       OK ] PhysicsExtendedTest.CreatePointConstraint
[ RUN      ] PhysicsExtendedTest.DestroyInvalidConstraint
[       OK ] PhysicsExtendedTest.DestroyInvalidConstraint
[ RUN      ] PhysicsExtendedTest.SphereCast_Hit
[       OK ] PhysicsExtendedTest.SphereCast_Hit
[ RUN      ] PhysicsExtendedTest.SphereCast_Miss
[       OK ] PhysicsExtendedTest.SphereCast_Miss
[ RUN      ] PhysicsExtendedTest.BoxCast_Hit
[       OK ] PhysicsExtendedTest.BoxCast_Hit
[ RUN      ] PhysicsExtendedTest.OverlapSphere_DetectsBody
[       OK ] PhysicsExtendedTest.OverlapSphere_DetectsBody
[ RUN      ] PhysicsExtendedTest.OverlapSphere_Empty
[       OK ] PhysicsExtendedTest.OverlapSphere_Empty
[ RUN      ] PhysicsExtendedTest.OverlapBox_DetectsBody
[       OK ] PhysicsExtendedTest.OverlapBox_DetectsBody
[ RUN      ] PhysicsExtendedTest.CharacterController_Initialize
[       OK ] PhysicsExtendedTest.CharacterController_Initialize
[ RUN      ] PhysicsExtendedTest.CharacterController_InitializeNullWorld
[       OK ] PhysicsExtendedTest.CharacterController_InitializeNullWorld
[ RUN      ] PhysicsExtendedTest.CharacterController_GetSetPosition
[       OK ] PhysicsExtendedTest.CharacterController_GetSetPosition
[ RUN      ] PhysicsExtendedTest.CharacterController_GroundState_InAir
[       OK ] PhysicsExtendedTest.CharacterController_GroundState_InAir
[ RUN      ] PhysicsExtendedTest.CharacterController_Update
[       OK ] PhysicsExtendedTest.CharacterController_Update
[ RUN      ] PhysicsExtendedTest.CharacterController_WorldTransform
[       OK ] PhysicsExtendedTest.CharacterController_WorldTransform
[----------] 5 tests from NavMeshSmoothTest
[ RUN      ] NavMeshSmoothTest.StraightLine_FewerWaypoints
[01:40:55.753] [INFO]  NavMesh::Build - 40x40 grid (cellSize=0.50)
[       OK ] NavMeshSmoothTest.StraightLine_FewerWaypoints
[ RUN      ] NavMeshSmoothTest.Diagonal_FewerWaypoints
[01:40:55.753] [INFO]  NavMesh::Build - 40x40 grid (cellSize=0.50)
[       OK ] NavMeshSmoothTest.Diagonal_FewerWaypoints
[ RUN      ] NavMeshSmoothTest.AroundObstacle_StillFindsPath
[01:40:55.753] [INFO]  NavMesh::Build - 40x40 grid (cellSize=0.50)
[       OK ] NavMeshSmoothTest.AroundObstacle_StillFindsPath
[ RUN      ] NavMeshSmoothTest.LShape_ReducedWaypoints
[01:40:55.754] [INFO]  NavMesh::Build - 40x40 grid (cellSize=0.50)
[       OK ] NavMeshSmoothTest.LShape_ReducedWaypoints
[ RUN      ] NavMeshSmoothTest.SameStartEnd_EmptyOrSinglePoint
[01:40:55.755] [INFO]  NavMesh::Build - 20x20 grid (cellSize=0.50)
[       OK ] NavMeshSmoothTest.SameStartEnd_EmptyOrSinglePoint
[----------] 4 tests from RVOTest
[ RUN      ] RVOTest.NoNeighbors_ReturnsDesired
[       OK ] RVOTest.NoNeighbors_ReturnsDesired
[ RUN      ] RVOTest.CloseApproach_VelocityDiverges
[       OK ] RVOTest.CloseApproach_VelocityDiverges
[ RUN      ] RVOTest.FarApartAgents_NoAvoidanceNeeded
[       OK ] RVOTest.FarApartAgents_NoAvoidanceNeeded
[ RUN      ] RVOTest.SpeedClamped
[       OK ] RVOTest.SpeedClamped
[----------] 2 tests from NavAgentRVOTest
[ RUN      ] NavAgentRVOTest.UpdateWithNeighbors_Runs
[01:40:55.755] [INFO]  NavMesh::Build - 40x40 grid (cellSize=0.50)
[       OK ] NavAgentRVOTest.UpdateWithNeighbors_Runs
[ RUN      ] NavAgentRVOTest.LastVelocity_NonZero
[01:40:55.755] [INFO]  NavMesh::Build - 40x40 grid (cellSize=0.50)
[       OK ] NavAgentRVOTest.LastVelocity_NonZero
[----------] 11 tests from PrefabTest
[ RUN      ] PrefabTest.DefaultInvalid
[       OK ] PrefabTest.DefaultInvalid
[ RUN      ] PrefabTest.CaptureFromEntity_Valid
[       OK ] PrefabTest.CaptureFromEntity_Valid
[ RUN      ] PrefabTest.Instantiate_CreatesEntity
[       OK ] PrefabTest.Instantiate_CreatesEntity
[ RUN      ] PrefabTest.Instantiate_PreservesName
[       OK ] PrefabTest.Instantiate_PreservesName
[ RUN      ] PrefabTest.Instantiate_OverrideName
[       OK ] PrefabTest.Instantiate_OverrideName
[ RUN      ] PrefabTest.Instantiate_PreservesPosition
[       OK ] PrefabTest.Instantiate_PreservesPosition
[ RUN      ] PrefabTest.Instantiate_MultipleInstances
[       OK ] PrefabTest.Instantiate_MultipleInstances
[ RUN      ] PrefabTest.InvalidPrefab_InstantiateReturnsNull
[       OK ] PrefabTest.InvalidPrefab_InstantiateReturnsNull
[ RUN      ] PrefabTest.SaveAndLoad_Roundtrip
[       OK ] PrefabTest.SaveAndLoad_Roundtrip
[ RUN      ] PrefabTest.LoadFromFile_NonExistent
[01:40:55.758] [ERROR] Prefab::LoadFromFile: Failed to open nonexistent_file_12345.json
[       OK ] PrefabTest.LoadFromFile_NonExistent
[ RUN      ] PrefabTest.CaptureWithComponents
[       OK ] PrefabTest.CaptureWithComponents
[----------] 5 tests from EventBusTest
[ RUN      ] EventBusTest.SubscribeAndFire
[       OK ] EventBusTest.SubscribeAndFire
[ RUN      ] EventBusTest.MultipleSubscribers
[       OK ] EventBusTest.MultipleSubscribers
[ RUN      ] EventBusTest.Unsubscribe
[       OK ] EventBusTest.Unsubscribe
[ RUN      ] EventBusTest.QueueAndDispatch
[       OK ] EventBusTest.QueueAndDispatch
[ RUN      ] EventBusTest.TypeIsolation
[       OK ] EventBusTest.TypeIsolation
[----------] 6 tests from ObjectPoolTest
[ RUN      ] ObjectPoolTest.GetAndRelease
[       OK ] ObjectPoolTest.GetAndRelease
[ RUN      ] ObjectPoolTest.AutoExpand
[       OK ] ObjectPoolTest.AutoExpand
[ RUN      ] ObjectPoolTest.NoAutoExpand
[       OK ] ObjectPoolTest.NoAutoExpand
[ RUN      ] ObjectPoolTest.ReleaseAll
[       OK ] ObjectPoolTest.ReleaseAll
[ RUN      ] ObjectPoolTest.ForEachActive
[       OK ] ObjectPoolTest.ForEachActive
[ RUN      ] ObjectPoolTest.ReleaseIf
[       OK ] ObjectPoolTest.ReleaseIf
[----------] 5 tests from ActionSchedulerTest
[ RUN      ] ActionSchedulerTest.RunAfter
[       OK ] ActionSchedulerTest.RunAfter
[ RUN      ] ActionSchedulerTest.RunEvery
[       OK ] ActionSchedulerTest.RunEvery
[ RUN      ] ActionSchedulerTest.RunEveryInfinite
[       OK ] ActionSchedulerTest.RunEveryInfinite
[ RUN      ] ActionSchedulerTest.Cancel
[       OK ] ActionSchedulerTest.Cancel
[ RUN      ] ActionSchedulerTest.RunSequence
[       OK ] ActionSchedulerTest.RunSequence
[----------] 3 tests from GameStateMachineTest
[ RUN      ] GameStateMachineTest.BasicFlow
[       OK ] GameStateMachineTest.BasicFlow
[ RUN      ] GameStateMachineTest.PushPopState
[       OK ] GameStateMachineTest.PushPopState
[ RUN      ] GameStateMachineTest.FindState
[       OK ] GameStateMachineTest.FindState
[----------] 4 tests from SaveSystemTest
[ RUN      ] SaveSystemTest.SetAndGet
[       OK ] SaveSystemTest.SetAndGet
[ RUN      ] SaveSystemTest.SaveAndLoad
[       OK ] SaveSystemTest.SaveAndLoad
[ RUN      ] SaveSystemTest.SlotList
[       OK ] SaveSystemTest.SlotList
[ RUN      ] SaveSystemTest.DeleteSlot
[       OK ] SaveSystemTest.DeleteSlot
[----------] 3 tests from SettingsManagerTest
[ RUN      ] SettingsManagerTest.SetAndGet
[       OK ] SettingsManagerTest.SetAndGet
[ RUN      ] SettingsManagerTest.SaveAndLoad
[       OK ] SettingsManagerTest.SaveAndLoad
[ RUN      ] SettingsManagerTest.DefaultValues
[       OK ] SettingsManagerTest.DefaultValues
[----------] 5 tests from SceneManagerTest
[ RUN      ] SceneManagerTest.ChangeScene
[       OK ] SceneManagerTest.ChangeScene
[ RUN      ] SceneManagerTest.PushAndPopScene
[       OK ] SceneManagerTest.PushAndPopScene
[ RUN      ] SceneManagerTest.TransitionAlpha
[       OK ] SceneManagerTest.TransitionAlpha
[ RUN      ] SceneManagerTest.ChangeSceneReplacesStack
[       OK ] SceneManagerTest.ChangeSceneReplacesStack
[ RUN      ] SceneManagerTest.EmptyManagerReturnsNull
[       OK ] SceneManagerTest.EmptyManagerReturnsNull
[----------] 4 tests from BlackboardTest
[ RUN      ] BlackboardTest.SetAndGet
[       OK ] BlackboardTest.SetAndGet
[ RUN      ] BlackboardTest.HasAndRemove
[       OK ] BlackboardTest.HasAndRemove
[ RUN      ] BlackboardTest.DefaultValue
[       OK ] BlackboardTest.DefaultValue
[ RUN      ] BlackboardTest.XMFLOAT3
[       OK ] BlackboardTest.XMFLOAT3
[----------] 2 tests from BTActionTest
[ RUN      ] BTActionTest.SuccessAction
[       OK ] BTActionTest.SuccessAction
[ RUN      ] BTActionTest.FailureAction
[       OK ] BTActionTest.FailureAction
[----------] 2 tests from BTConditionTest
[ RUN      ] BTConditionTest.TrueCondition
[       OK ] BTConditionTest.TrueCondition
[ RUN      ] BTConditionTest.FalseCondition
[       OK ] BTConditionTest.FalseCondition
[----------] 2 tests from BTSequenceTest
[ RUN      ] BTSequenceTest.AllSucceed
[       OK ] BTSequenceTest.AllSucceed
[ RUN      ] BTSequenceTest.OneFailure
[       OK ] BTSequenceTest.OneFailure
[----------] 2 tests from BTSelectorTest
[ RUN      ] BTSelectorTest.FirstSuccess
[       OK ] BTSelectorTest.FirstSuccess
[ RUN      ] BTSelectorTest.AllFail
[       OK ] BTSelectorTest.AllFail
[----------] 2 tests from BTInverterTest
[ RUN      ] BTInverterTest.InvertsSuccess
[       OK ] BTInverterTest.InvertsSuccess
[ RUN      ] BTInverterTest.InvertsFailure
[       OK ] BTInverterTest.InvertsFailure
[----------] 1 test from BTRepeaterTest
[ RUN      ] BTRepeaterTest.RepeatsNTimes
[       OK ] BTRepeaterTest.RepeatsNTimes
[----------] 1 test from BTSucceederTest
[ RUN      ] BTSucceederTest.AlwaysSucceeds
[       OK ] BTSucceederTest.AlwaysSucceeds
[----------] 2 tests from BTParallelTest
[ RUN      ] BTParallelTest.RequireAll
[       OK ] BTParallelTest.RequireAll
[ RUN      ] BTParallelTest.RequireAllWithFailure
[       OK ] BTParallelTest.RequireAllWithFailure
[----------] 1 test from BehaviorTreeTest
[ RUN      ] BehaviorTreeTest.SimpleTree
[       OK ] BehaviorTreeTest.SimpleTree
[----------] 5 tests from NavMeshObstacleTest
[ RUN      ] NavMeshObstacleTest.AddAndRemoveAABB
[01:40:55.777] [INFO]  NavMesh::Build - 10x10 grid (cellSize=1.00)
[       OK ] NavMeshObstacleTest.AddAndRemoveAABB
[ RUN      ] NavMeshObstacleTest.AddCylinder
[01:40:55.777] [INFO]  NavMesh::Build - 10x10 grid (cellSize=1.00)
[       OK ] NavMeshObstacleTest.AddCylinder
[ RUN      ] NavMeshObstacleTest.ClearObstacles
[01:40:55.777] [INFO]  NavMesh::Build - 10x10 grid (cellSize=1.00)
[       OK ] NavMeshObstacleTest.ClearObstacles
[ RUN      ] NavMeshObstacleTest.PathAroundObstacle
[01:40:55.777] [INFO]  NavMesh::Build - 10x10 grid (cellSize=1.00)
[       OK ] NavMeshObstacleTest.PathAroundObstacle
[ RUN      ] NavMeshObstacleTest.MoveObstacle
[01:40:55.777] [INFO]  NavMesh::Build - 10x10 grid (cellSize=1.00)
[       OK ] NavMeshObstacleTest.MoveObstacle
[----------] 6 tests from LocalizationTest
[ RUN      ] LocalizationTest.LoadAndGetString
[01:40:55.779] [INFO]  Localization: Loaded 'en' with 3 strings
[       OK ] LocalizationTest.LoadAndGetString
[ RUN      ] LocalizationTest.LanguageSwitch
[01:40:55.780] [INFO]  Localization: Loaded 'en' with 3 strings
[01:40:55.781] [INFO]  Localization: Loaded 'ja' with 2 strings
[       OK ] LocalizationTest.LanguageSwitch
[ RUN      ] LocalizationTest.FallbackLanguage
[01:40:55.782] [INFO]  Localization: Loaded 'en' with 3 strings
[01:40:55.782] [INFO]  Localization: Loaded 'ja' with 2 strings
[       OK ] LocalizationTest.FallbackLanguage
[ RUN      ] LocalizationTest.MissingKeyReturnsKey
[01:40:55.783] [INFO]  Localization: Loaded 'en' with 3 strings
[       OK ] LocalizationTest.MissingKeyReturnsKey
[ RUN      ] LocalizationTest.GetAvailableLanguages
[01:40:55.786] [INFO]  Localization: Loaded 'en' with 3 strings
[01:40:55.787] [INFO]  Localization: Loaded 'ja' with 2 strings
[       OK ] LocalizationTest.GetAvailableLanguages
[ RUN      ] LocalizationTest.GXLOCMacro
[01:40:55.789] [INFO]  Localization: Loaded 'en' with 3 strings
[       OK ] LocalizationTest.GXLOCMacro
[----------] 7 tests from TimelineTest
[ RUN      ] TimelineTest.Float3TrackInterpolation
[       OK ] TimelineTest.Float3TrackInterpolation
[ RUN      ] TimelineTest.FloatTrackInterpolation
[       OK ] TimelineTest.FloatTrackInterpolation
[ RUN      ] TimelineTest.EventTrack
[       OK ] TimelineTest.EventTrack
[ RUN      ] TimelineTest.PlayPauseStop
[       OK ] TimelineTest.PlayPauseStop
[ RUN      ] TimelineTest.Loop
[       OK ] TimelineTest.Loop
[ RUN      ] TimelineTest.Speed
[       OK ] TimelineTest.Speed
[ RUN      ] TimelineTest.Duration
[       OK ] TimelineTest.Duration
[----------] 4 tests from ProfilerTest
[ RUN      ] ProfilerTest.SectionTiming
[       OK ] ProfilerTest.SectionTiming
[ RUN      ] ProfilerTest.FrameTime
[       OK ] ProfilerTest.FrameTime
[ RUN      ] ProfilerTest.MemoryUsage
[       OK ] ProfilerTest.MemoryUsage
[ RUN      ] ProfilerTest.ScopeProfiler
[       OK ] ProfilerTest.ScopeProfiler
[----------] 6 tests from SpriteAnimatorTest
[ RUN      ] SpriteAnimatorTest.AddStateAndUpdate
[       OK ] SpriteAnimatorTest.AddStateAndUpdate
[ RUN      ] SpriteAnimatorTest.Transition
[       OK ] SpriteAnimatorTest.Transition
[ RUN      ] SpriteAnimatorTest.TriggerTransition
[       OK ] SpriteAnimatorTest.TriggerTransition
[ RUN      ] SpriteAnimatorTest.FrameEvent
[       OK ] SpriteAnimatorTest.FrameEvent
[ RUN      ] SpriteAnimatorTest.SourceRect
[       OK ] SpriteAnimatorTest.SourceRect
[ RUN      ] SpriteAnimatorTest.ForceState
[       OK ] SpriteAnimatorTest.ForceState
[----------] 5 tests from CoroutineTest
[ RUN      ] CoroutineTest.ResumeAndDone
[       OK ] CoroutineTest.ResumeAndDone
[ RUN      ] CoroutineTest.ResumeAfterDoneReturnsTrue
[       OK ] CoroutineTest.ResumeAfterDoneReturnsTrue
[ RUN      ] CoroutineTest.WaitForSecondsBasic
[       OK ] CoroutineTest.WaitForSecondsBasic
[ RUN      ] CoroutineTest.ZeroSecondWait
[       OK ] CoroutineTest.ZeroSecondWait
[ RUN      ] CoroutineTest.MoveSemantics
[       OK ] CoroutineTest.MoveSemantics
[----------] 2 tests from CoroutineManagerTest
[ RUN      ] CoroutineManagerTest.MultipleCoroutines
[       OK ] CoroutineManagerTest.MultipleCoroutines
[ RUN      ] CoroutineManagerTest.StopAll
[       OK ] CoroutineManagerTest.StopAll
[----------] 9 tests from UndoSystemTest
[ RUN      ] UndoSystemTest.ExecuteAndUndo
[       OK ] UndoSystemTest.ExecuteAndUndo
[ RUN      ] UndoSystemTest.Redo
[       OK ] UndoSystemTest.Redo
[ RUN      ] UndoSystemTest.RedoClearedOnNewExecute
[       OK ] UndoSystemTest.RedoClearedOnNewExecute
[ RUN      ] UndoSystemTest.MaxHistory
[       OK ] UndoSystemTest.MaxHistory
[ RUN      ] UndoSystemTest.Clear
[       OK ] UndoSystemTest.Clear
[ RUN      ] UndoSystemTest.Descriptions
[       OK ] UndoSystemTest.Descriptions
[ RUN      ] UndoSystemTest.EmptyUndoRedoReturnFalse
[       OK ] UndoSystemTest.EmptyUndoRedoReturnFalse
[ RUN      ] UndoSystemTest.EmptyDescriptions
[       OK ] UndoSystemTest.EmptyDescriptions
[ RUN      ] UndoSystemTest.MultipleUndoRedo
[       OK ] UndoSystemTest.MultipleUndoRedo
[----------] 6 tests from NodeGraphTest
[ RUN      ] NodeGraphTest.RegisterAndFindDef
[       OK ] NodeGraphTest.RegisterAndFindDef
[ RUN      ] NodeGraphTest.AddAndRemoveNode
[       OK ] NodeGraphTest.AddAndRemoveNode
[ RUN      ] NodeGraphTest.AddInvalidNode
[       OK ] NodeGraphTest.AddInvalidNode
[ RUN      ] NodeGraphTest.ExecuteDataFlow
[       OK ] NodeGraphTest.ExecuteDataFlow
[ RUN      ] NodeGraphTest.ExecuteFlowChain
[       OK ] NodeGraphTest.ExecuteFlowChain
[ RUN      ] NodeGraphTest.ConnectAndDisconnect
[       OK ] NodeGraphTest.ConnectAndDisconnect
[----------] 9 tests from PhysicsMaterialTest
[ RUN      ] PhysicsMaterialTest.DefaultValues
[       OK ] PhysicsMaterialTest.DefaultValues
[ RUN      ] PhysicsMaterialTest.PresetDefault
[       OK ] PhysicsMaterialTest.PresetDefault
[ RUN      ] PhysicsMaterialTest.PresetMetal
[       OK ] PhysicsMaterialTest.PresetMetal
[ RUN      ] PhysicsMaterialTest.PresetRubber
[       OK ] PhysicsMaterialTest.PresetRubber
[ RUN      ] PhysicsMaterialTest.PresetIce
[       OK ] PhysicsMaterialTest.PresetIce
[ RUN      ] PhysicsMaterialTest.PresetWood
[       OK ] PhysicsMaterialTest.PresetWood
[ RUN      ] PhysicsMaterialTest.PresetConcrete
[       OK ] PhysicsMaterialTest.PresetConcrete
[ RUN      ] PhysicsMaterialTest.PresetGlass
[       OK ] PhysicsMaterialTest.PresetGlass
[ RUN      ] PhysicsMaterialTest.PresetMud
[       OK ] PhysicsMaterialTest.PresetMud
[----------] 5 tests from PhysicsMaterialLibraryTest
[ RUN      ] PhysicsMaterialLibraryTest.RegisterAndFind
[       OK ] PhysicsMaterialLibraryTest.RegisterAndFind
[ RUN      ] PhysicsMaterialLibraryTest.FindNonExistent
[       OK ] PhysicsMaterialLibraryTest.FindNonExistent
[ RUN      ] PhysicsMaterialLibraryTest.RegisterDefaults
[       OK ] PhysicsMaterialLibraryTest.RegisterDefaults
[ RUN      ] PhysicsMaterialLibraryTest.UpdateExisting
[       OK ] PhysicsMaterialLibraryTest.UpdateExisting
[ RUN      ] PhysicsMaterialLibraryTest.Clear
[       OK ] PhysicsMaterialLibraryTest.Clear
[----------] 12 tests from ClothSimulatorTest
[ RUN      ] ClothSimulatorTest.InitializeBasic
[       OK ] ClothSimulatorTest.InitializeBasic
[ RUN      ] ClothSimulatorTest.InitializeTooSmall
[       OK ] ClothSimulatorTest.InitializeTooSmall
[ RUN      ] ClothSimulatorTest.VertexPositionsInitialized
[       OK ] ClothSimulatorTest.VertexPositionsInitialized
[ RUN      ] ClothSimulatorTest.IndicesGenerated
[       OK ] ClothSimulatorTest.IndicesGenerated
[ RUN      ] ClothSimulatorTest.UpdateDoesNotCrash
[       OK ] ClothSimulatorTest.UpdateDoesNotCrash
[ RUN      ] ClothSimulatorTest.GravityAffectsUnpinned
[       OK ] ClothSimulatorTest.GravityAffectsUnpinned
[ RUN      ] ClothSimulatorTest.PinnedVertexStays
[       OK ] ClothSimulatorTest.PinnedVertexStays
[ RUN      ] ClothSimulatorTest.PinAndUnpin
[       OK ] ClothSimulatorTest.PinAndUnpin
[ RUN      ] ClothSimulatorTest.SphereCollider
[       OK ] ClothSimulatorTest.SphereCollider
[ RUN      ] ClothSimulatorTest.ApplyForce
[       OK ] ClothSimulatorTest.ApplyForce
[ RUN      ] ClothSimulatorTest.NormalsGenerated
[       OK ] ClothSimulatorTest.NormalsGenerated
[ RUN      ] ClothSimulatorTest.ClearColliders
[       OK ] ClothSimulatorTest.ClearColliders
[----------] 4 tests from NetworkManagerTest
[ RUN      ] NetworkManagerTest.InitialState
[       OK ] NetworkManagerTest.InitialState
[ RUN      ] NetworkManagerTest.RegisterRPC
[       OK ] NetworkManagerTest.RegisterRPC
[ RUN      ] NetworkManagerTest.UpdateWithoutStartDoesNotCrash
[       OK ] NetworkManagerTest.UpdateWithoutStartDoesNotCrash
[ RUN      ] NetworkManagerTest.CallbackSetup
[       OK ] NetworkManagerTest.CallbackSetup
[----------] 2 tests from ScreenCaptureTest
[ RUN      ] ScreenCaptureTest.InitializeWithNull
[       OK ] ScreenCaptureTest.InitializeWithNull
[ RUN      ] ScreenCaptureTest.ShutdownSafe
[       OK ] ScreenCaptureTest.ShutdownSafe
[----------] 10 tests from AssetDatabaseTest
[ RUN      ] AssetDatabaseTest.ScanDirectory
[       OK ] AssetDatabaseTest.ScanDirectory
[ RUN      ] AssetDatabaseTest.ScanNonExistent
[       OK ] AssetDatabaseTest.ScanNonExistent
[ RUN      ] AssetDatabaseTest.FindByPath
[       OK ] AssetDatabaseTest.FindByPath
[ RUN      ] AssetDatabaseTest.FindByType
[       OK ] AssetDatabaseTest.FindByType
[ RUN      ] AssetDatabaseTest.Search
[       OK ] AssetDatabaseTest.Search
[ RUN      ] AssetDatabaseTest.SearchCaseInsensitive
[       OK ] AssetDatabaseTest.SearchCaseInsensitive
[ RUN      ] AssetDatabaseTest.Refresh
[       OK ] AssetDatabaseTest.Refresh
[ RUN      ] AssetDatabaseTest.Clear
[       OK ] AssetDatabaseTest.Clear
[ RUN      ] AssetDatabaseTest.AssetTypeClassification
[       OK ] AssetDatabaseTest.AssetTypeClassification
[ RUN      ] AssetDatabaseTest.NonRecursiveScan
[       OK ] AssetDatabaseTest.NonRecursiveScan
[----------] 7 tests from DebugDraw3DTest
[ RUN      ] DebugDraw3DTest.DrawLine
[       OK ] DebugDraw3DTest.DrawLine
[ RUN      ] DebugDraw3DTest.DrawWireBox
[       OK ] DebugDraw3DTest.DrawWireBox
[ RUN      ] DebugDraw3DTest.DrawWireSphere
[       OK ] DebugDraw3DTest.DrawWireSphere
[ RUN      ] DebugDraw3DTest.DrawArrow
[       OK ] DebugDraw3DTest.DrawArrow
[ RUN      ] DebugDraw3DTest.PersistentLine
[       OK ] DebugDraw3DTest.PersistentLine
[ RUN      ] DebugDraw3DTest.PersistentBox
C:\Users\g0190\Desktop\GXLib\Tests\test_AssetDebugScene.cpp(224): error: Expected equality of these values:
  dd.GetPersistentLineCount()
    Which is: 13
  12u
    Which is: 12

[  FAILED  ] DebugDraw3DTest.PersistentBox
[ RUN      ] DebugDraw3DTest.DisabledDraws
[       OK ] DebugDraw3DTest.DisabledDraws
[----------] 5 tests from AudioOcclusionTest
[ RUN      ] AudioOcclusionTest.DefaultNoOcclusion
[       OK ] AudioOcclusionTest.DefaultNoOcclusion
[ RUN      ] AudioOcclusionTest.FullOcclusion
[       OK ] AudioOcclusionTest.FullOcclusion
[ RUN      ] AudioOcclusionTest.HalfOcclusion
[       OK ] AudioOcclusionTest.HalfOcclusion
[ RUN      ] AudioOcclusionTest.Disabled
[       OK ] AudioOcclusionTest.Disabled
[ RUN      ] AudioOcclusionTest.OcclusionClamped
[       OK ] AudioOcclusionTest.OcclusionClamped
[----------] 15 tests from ScenePersistenceTest
[ RUN      ] ScenePersistenceTest.SerializeEmptyScene
[       OK ] ScenePersistenceTest.SerializeEmptyScene
[ RUN      ] ScenePersistenceTest.SerializeWithEntities
[       OK ] ScenePersistenceTest.SerializeWithEntities
[ RUN      ] ScenePersistenceTest.TextRoundTrip
[       OK ] ScenePersistenceTest.TextRoundTrip
[ RUN      ] ScenePersistenceTest.TextRoundTripWithHierarchy
[       OK ] ScenePersistenceTest.TextRoundTripWithHierarchy
[ RUN      ] ScenePersistenceTest.BinaryRoundTrip
[       OK ] ScenePersistenceTest.BinaryRoundTrip
[ RUN      ] ScenePersistenceTest.BinaryRoundTripWithHierarchy
[       OK ] ScenePersistenceTest.BinaryRoundTripWithHierarchy
[ RUN      ] ScenePersistenceTest.SaveAndLoadTextFile
[       OK ] ScenePersistenceTest.SaveAndLoadTextFile
[ RUN      ] ScenePersistenceTest.SaveAndLoadBinaryFile
[       OK ] ScenePersistenceTest.SaveAndLoadBinaryFile
[ RUN      ] ScenePersistenceTest.LoadNonExistentText
[       OK ] ScenePersistenceTest.LoadNonExistentText
[ RUN      ] ScenePersistenceTest.LoadNonExistentBinary
[       OK ] ScenePersistenceTest.LoadNonExistentBinary
[ RUN      ] ScenePersistenceTest.DeserializeInvalidText
[       OK ] ScenePersistenceTest.DeserializeInvalidText
[ RUN      ] ScenePersistenceTest.DeserializeInvalidBinary
[       OK ] ScenePersistenceTest.DeserializeInvalidBinary
[ RUN      ] ScenePersistenceTest.DeserializeEmptyBinary
[       OK ] ScenePersistenceTest.DeserializeEmptyBinary
[ RUN      ] ScenePersistenceTest.EmptySceneTextRoundTrip
[       OK ] ScenePersistenceTest.EmptySceneTextRoundTrip
[ RUN      ] ScenePersistenceTest.EmptySceneBinaryRoundTrip
[       OK ] ScenePersistenceTest.EmptySceneBinaryRoundTrip
[----------] 7 tests from AtlasPackerTest
[ RUN      ] AtlasPackerTest.EmptyInput
[       OK ] AtlasPackerTest.EmptyInput
[ RUN      ] AtlasPackerTest.SingleRect
[       OK ] AtlasPackerTest.SingleRect
[ RUN      ] AtlasPackerTest.MultipleRects
[       OK ] AtlasPackerTest.MultipleRects
[ RUN      ] AtlasPackerTest.WithPadding
[       OK ] AtlasPackerTest.WithPadding
[ RUN      ] AtlasPackerTest.TooLargeForMaxSize
[       OK ] AtlasPackerTest.TooLargeForMaxSize
[ RUN      ] AtlasPackerTest.PowerOf2Output
[       OK ] AtlasPackerTest.PowerOf2Output
[ RUN      ] AtlasPackerTest.ManySmallRects
[       OK ] AtlasPackerTest.ManySmallRects
[----------] 20 tests from Reflection
[ RUN      ] Reflection.TypeInfoBasics
[       OK ] Reflection.TypeInfoBasics
[ RUN      ] Reflection.TypeInfoAddAndFindProperty
[       OK ] Reflection.TypeInfoAddAndFindProperty
[ RUN      ] Reflection.TypeInfoGetSetBool
[       OK ] Reflection.TypeInfoGetSetBool
[ RUN      ] Reflection.TypeInfoGetSetInt
[       OK ] Reflection.TypeInfoGetSetInt
[ RUN      ] Reflection.TypeInfoGetSetFloat
[       OK ] Reflection.TypeInfoGetSetFloat
[ RUN      ] Reflection.TypeInfoRangeClamp
[       OK ] Reflection.TypeInfoRangeClamp
[ RUN      ] Reflection.TypeInfoReadOnly
[       OK ] Reflection.TypeInfoReadOnly
[ RUN      ] Reflection.TypeInfoFactory
[       OK ] Reflection.TypeInfoFactory
[ RUN      ] Reflection.TypeInfoHashConsistency
[       OK ] Reflection.TypeInfoHashConsistency
[ RUN      ] Reflection.RegistrySingleton
[       OK ] Reflection.RegistrySingleton
[ RUN      ] Reflection.MacroRegistration
[       OK ] Reflection.MacroRegistration
[ RUN      ] Reflection.MacroRegisteredProperties
[       OK ] Reflection.MacroRegisteredProperties
[ RUN      ] Reflection.MacroReadWriteValues
[       OK ] Reflection.MacroReadWriteValues
[ RUN      ] Reflection.RegistryFindByHash
[       OK ] Reflection.RegistryFindByHash
[ RUN      ] Reflection.RegistryGetAllTypes
[       OK ] Reflection.RegistryGetAllTypes
[ RUN      ] Reflection.FactoryViaRegistry
[       OK ] Reflection.FactoryViaRegistry
[ RUN      ] Reflection.JsonSerialize
[       OK ] Reflection.JsonSerialize
[ RUN      ] Reflection.JsonDeserialize
[       OK ] Reflection.JsonDeserialize
[ RUN      ] Reflection.JsonRoundTrip
[       OK ] Reflection.JsonRoundTrip
[ RUN      ] Reflection.FloatRangeMacro
[       OK ] Reflection.FloatRangeMacro
[----------] 5 tests from ECS_ComponentStorage
[ RUN      ] ECS_ComponentStorage.AddAndGet
[       OK ] ECS_ComponentStorage.AddAndGet
[ RUN      ] ECS_ComponentStorage.SwapAndPop
[       OK ] ECS_ComponentStorage.SwapAndPop
[ RUN      ] ECS_ComponentStorage.Clear
[       OK ] ECS_ComponentStorage.Clear
[ RUN      ] ECS_ComponentStorage.Reserve
[       OK ] ECS_ComponentStorage.Reserve
[ RUN      ] ECS_ComponentStorage.MoveConstructor
[       OK ] ECS_ComponentStorage.MoveConstructor
[----------] 2 tests from ECS_Archetype
[ RUN      ] ECS_Archetype.CreateAndAddEntity
[       OK ] ECS_Archetype.CreateAndAddEntity
[ RUN      ] ECS_Archetype.RemoveEntitySwapAndPop
[       OK ] ECS_Archetype.RemoveEntitySwapAndPop
[----------] 16 tests from ECS_World
[ RUN      ] ECS_World.CreateAndDestroyEntity
[       OK ] ECS_World.CreateAndDestroyEntity
[ RUN      ] ECS_World.EntityFreeListReuse
[       OK ] ECS_World.EntityFreeListReuse
[ RUN      ] ECS_World.AddAndGetComponent
[       OK ] ECS_World.AddAndGetComponent
[ RUN      ] ECS_World.AddMultipleComponents
[       OK ] ECS_World.AddMultipleComponents
[ RUN      ] ECS_World.RemoveComponent
[       OK ] ECS_World.RemoveComponent
[ RUN      ] ECS_World.AddDuplicateComponentReturnsSame
[       OK ] ECS_World.AddDuplicateComponentReturnsSame
[ RUN      ] ECS_World.DestroyEntityRemovesComponents
[       OK ] ECS_World.DestroyEntityRemovesComponents
[ RUN      ] ECS_World.ForEachSingleComponent
[       OK ] ECS_World.ForEachSingleComponent
[ RUN      ] ECS_World.ForEachMultiComponent
[       OK ] ECS_World.ForEachMultiComponent
[ RUN      ] ECS_World.CountEntities
[       OK ] ECS_World.CountEntities
[ RUN      ] ECS_World.QueryWrapper
[       OK ] ECS_World.QueryWrapper
[ RUN      ] ECS_World.SystemRegistration
[       OK ] ECS_World.SystemRegistration
[ RUN      ] ECS_World.SystemUpdate
[       OK ] ECS_World.SystemUpdate
[ RUN      ] ECS_World.SystemPriority
[       OK ] ECS_World.SystemPriority
[ RUN      ] ECS_World.SystemDisable
[       OK ] ECS_World.SystemDisable
[ RUN      ] ECS_World.StressManyEntities
[       OK ] ECS_World.StressManyEntities
[----------] 7 tests from VRSManager
[ RUN      ] VRSManager.VRSTierEnumValues
[       OK ] VRSManager.VRSTierEnumValues
[ RUN      ] VRSManager.VRSModeEnumValues
[       OK ] VRSManager.VRSModeEnumValues
[ RUN      ] VRSManager.DefaultTierIsNone
[       OK ] VRSManager.DefaultTierIsNone
[ RUN      ] VRSManager.NoShadingRateImageByDefault
[       OK ] VRSManager.NoShadingRateImageByDefault
[ RUN      ] VRSManager.InitializeWithoutDeviceReturnsFalse
[01:40:55.882] [ERROR] VRSManager::Initialize: device is null
[       OK ] VRSManager.InitializeWithoutDeviceReturnsFalse
[ RUN      ] VRSManager.OnResizeWithoutInit
[       OK ] VRSManager.OnResizeWithoutInit
[ RUN      ] VRSManager.TierRemainsNoneAfterNullInit
[01:40:55.882] [ERROR] VRSManager::Initialize: device is null
[       OK ] VRSManager.TierRemainsNoneAfterNullInit
[----------] 2 tests from QualitySettings
[ RUN      ] QualitySettings.VRSModeDefaultIsOff
[       OK ] QualitySettings.VRSModeDefaultIsOff
[ RUN      ] QualitySettings.VRSModeCustomImageMode
[       OK ] QualitySettings.VRSModeCustomImageMode
[----------] 3 tests from MeshPipeline
[ RUN      ] MeshPipeline.MeshShaderTierEnumValues
[       OK ] MeshPipeline.MeshShaderTierEnumValues
[ RUN      ] MeshPipeline.DetectTierWithoutDevice
[       OK ] MeshPipeline.DetectTierWithoutDevice
[ RUN      ] MeshPipeline.MeshPipelineDescDefaults
[       OK ] MeshPipeline.MeshPipelineDescDefaults
[----------] 3 tests from GPUDrivenRenderer
[ RUN      ] GPUDrivenRenderer.NotAvailableByDefault
[       OK ] GPUDrivenRenderer.NotAvailableByDefault
[ RUN      ] GPUDrivenRenderer.InitializeWithoutDeviceReturnsFalse
[01:40:55.883] [ERROR] GPUDrivenRenderer::Initialize: device is null
[       OK ] GPUDrivenRenderer.InitializeWithoutDeviceReturnsFalse
[ RUN      ] GPUDrivenRenderer.MeshletCountDefaultIsZero
[       OK ] GPUDrivenRenderer.MeshletCountDefaultIsZero
[----------] 1 test from MeshletData
[ RUN      ] MeshletData.StructLayout
[       OK ] MeshletData.StructLayout
[----------] 6 tests from DirectStorage
[ RUN      ] DirectStorage.NotAvailableByDefault
[       OK ] DirectStorage.NotAvailableByDefault
[ RUN      ] DirectStorage.PendingCountStartsAtZero
[       OK ] DirectStorage.PendingCountStartsAtZero
[ RUN      ] DirectStorage.BandwidthStartsAtZero
[       OK ] DirectStorage.BandwidthStartsAtZero
[ RUN      ] DirectStorage.EnqueueReadReturnsIncrementingIds
[       OK ] DirectStorage.EnqueueReadReturnsIncrementingIds
[ RUN      ] DirectStorage.FlushClearsPendingRequests
[       OK ] DirectStorage.FlushClearsPendingRequests
[ RUN      ] DirectStorage.StatusEnumValues
[       OK ] DirectStorage.StatusEnumValues
[----------] 6 tests from SamplerFeedback
[ RUN      ] SamplerFeedback.DefaultTierIsNone
[       OK ] SamplerFeedback.DefaultTierIsNone
[ RUN      ] SamplerFeedback.NotAvailableByDefault
[       OK ] SamplerFeedback.NotAvailableByDefault
[ RUN      ] SamplerFeedback.InitializeWithoutDeviceReturnsFalse
[01:40:55.883] [ERROR] SamplerFeedback::Initialize: device is null
[       OK ] SamplerFeedback.InitializeWithoutDeviceReturnsFalse
[ RUN      ] SamplerFeedback.EmptyMipRequestsByDefault
[       OK ] SamplerFeedback.EmptyMipRequestsByDefault
[ RUN      ] SamplerFeedback.TierEnumValues
[       OK ] SamplerFeedback.TierEnumValues
[ RUN      ] SamplerFeedback.TrackedCountDefaultIsZero
[       OK ] SamplerFeedback.TrackedCountDefaultIsZero
[----------] 6 tests from HDRDisplay
[ RUN      ] HDRDisplay.DefaultNotSupported
[       OK ] HDRDisplay.DefaultNotSupported
[ RUN      ] HDRDisplay.DefaultModeIsSDR
[       OK ] HDRDisplay.DefaultModeIsSDR
[ RUN      ] HDRDisplay.HDRModeEnumValues
[       OK ] HDRDisplay.HDRModeEnumValues
[ RUN      ] HDRDisplay.DefaultLuminanceValues
[       OK ] HDRDisplay.DefaultLuminanceValues
[ RUN      ] HDRDisplay.RecommendedFormatForSDR
[       OK ] HDRDisplay.RecommendedFormatForSDR
[ RUN      ] HDRDisplay.RecommendedColorSpaceForSDR
[       OK ] HDRDisplay.RecommendedColorSpaceForSDR
[----------] 2 tests from ReliablePacketHeader
[ RUN      ] ReliablePacketHeader.DefaultValues
[       OK ] ReliablePacketHeader.DefaultValues
[ RUN      ] ReliablePacketHeader.Size
[       OK ] ReliablePacketHeader.Size
[----------] 1 test from ReliableConfig
[ RUN      ] ReliableConfig.DefaultValues
[       OK ] ReliableConfig.DefaultValues
[----------] 5 tests from ReliableChannel
[ RUN      ] ReliableChannel.DefaultRTT
[       OK ] ReliableChannel.DefaultRTT
[ RUN      ] ReliableChannel.DefaultPacketLoss
[       OK ] ReliableChannel.DefaultPacketLoss
[ RUN      ] ReliableChannel.DefaultCounts
[       OK ] ReliableChannel.DefaultCounts
[ RUN      ] ReliableChannel.InitializeWithNullSocket
[01:40:55.883] [INFO]  [ReliableChannel] Initialized (retransmit=100ms, maxRetransmits=10)
[       OK ] ReliableChannel.InitializeWithNullSocket
[ RUN      ] ReliableChannel.UpdateWithoutInit
[       OK ] ReliableChannel.UpdateWithoutInit
[----------] 10 tests from ReplicatedProperty
[ RUN      ] ReplicatedProperty.DefaultNotDirty
[       OK ] ReplicatedProperty.DefaultNotDirty
[ RUN      ] ReplicatedProperty.SetMarksDirty
[       OK ] ReplicatedProperty.SetMarksDirty
[ RUN      ] ReplicatedProperty.ClearDirty
[       OK ] ReplicatedProperty.ClearDirty
[ RUN      ] ReplicatedProperty.SameValueNotDirty
[       OK ] ReplicatedProperty.SameValueNotDirty
[ RUN      ] ReplicatedProperty.Version
[       OK ] ReplicatedProperty.Version
[ RUN      ] ReplicatedProperty.GetPreviousValue
[       OK ] ReplicatedProperty.GetPreviousValue
[ RUN      ] ReplicatedProperty.InterpolateFloat
[       OK ] ReplicatedProperty.InterpolateFloat
[ RUN      ] ReplicatedProperty.StringInterpolateSnaps
[       OK ] ReplicatedProperty.StringInterpolateSnaps
[ RUN      ] ReplicatedProperty.BoolInterpolateSnaps
[       OK ] ReplicatedProperty.BoolInterpolateSnaps
[ RUN      ] ReplicatedProperty.IntInterpolate
[       OK ] ReplicatedProperty.IntInterpolate
[----------] 6 tests from NetworkReplicator
[ RUN      ] NetworkReplicator.DefaultSnapshotRate
[       OK ] NetworkReplicator.DefaultSnapshotRate
[ RUN      ] NetworkReplicator.SetSnapshotRate
[       OK ] NetworkReplicator.SetSnapshotRate
[ RUN      ] NetworkReplicator.DefaultInterpolationDelay
[       OK ] NetworkReplicator.DefaultInterpolationDelay
[ RUN      ] NetworkReplicator.SetInterpolationDelay
[       OK ] NetworkReplicator.SetInterpolationDelay
[ RUN      ] NetworkReplicator.DefaultRegisteredEntityCount
[       OK ] NetworkReplicator.DefaultRegisteredEntityCount
[ RUN      ] NetworkReplicator.SerializeDeserializeSnapshot
[       OK ] NetworkReplicator.SerializeDeserializeSnapshot
[----------] 2 tests from NetworkPrediction
[ RUN      ] NetworkPrediction.DefaultPredictionError
[       OK ] NetworkPrediction.DefaultPredictionError
[ RUN      ] NetworkPrediction.PendingInputsDefault
[       OK ] NetworkPrediction.PendingInputsDefault
[----------] 1 test from InputCommand
[ RUN      ] InputCommand.DefaultValues
[       OK ] InputCommand.DefaultValues
[----------] 2 tests from EntityNetworkId
[ RUN      ] EntityNetworkId.DefaultIsZero
[       OK ] EntityNetworkId.DefaultIsZero
[ RUN      ] EntityNetworkId.SetAndGet
[       OK ] EntityNetworkId.SetAndGet
[----------] 8 tests from SimulationManager
[ RUN      ] SimulationManager.DefaultStateStopped
[       OK ] SimulationManager.DefaultStateStopped
[ RUN      ] SimulationManager.PlayChangesState
[01:40:55.883] [INFO]  [SceneSnapshot] Captured {} entities from scene '{}'
[01:40:55.884] [INFO]  [SimulationManager] Play started (scene: '{}', {} entities)
[       OK ] SimulationManager.PlayChangesState
[ RUN      ] SimulationManager.PauseAfterPlay
[01:40:55.884] [INFO]  [SceneSnapshot] Captured {} entities from scene '{}'
[01:40:55.884] [INFO]  [SimulationManager] Play started (scene: '{}', {} entities)
[01:40:55.884] [INFO]  [SimulationManager] Paused at {:.3f}s (step {})
[       OK ] SimulationManager.PauseAfterPlay
[ RUN      ] SimulationManager.ResumeAfterPause
[01:40:55.884] [INFO]  [SceneSnapshot] Captured {} entities from scene '{}'
[01:40:55.884] [INFO]  [SimulationManager] Play started (scene: '{}', {} entities)
[01:40:55.884] [INFO]  [SimulationManager] Paused at {:.3f}s (step {})
[01:40:55.884] [INFO]  [SimulationManager] Resumed at {:.3f}s
[       OK ] SimulationManager.ResumeAfterPause
[ RUN      ] SimulationManager.StopRestoresState
[01:40:55.884] [INFO]  [SceneSnapshot] Captured {} entities from scene '{}'
[01:40:55.884] [INFO]  [SimulationManager] Play started (scene: '{}', {} entities)
[01:40:55.884] [INFO]  [SceneSnapshot] Restored {} entities to scene '{}'
[01:40:55.884] [INFO]  [SimulationManager] Stopped after {:.3f}s ({} steps)
[       OK ] SimulationManager.StopRestoresState
[ RUN      ] SimulationManager.StepIncrementsCount
[01:40:55.884] [INFO]  [SceneSnapshot] Captured {} entities from scene '{}'
[01:40:55.884] [INFO]  [SimulationManager] Play started (scene: '{}', {} entities)
[01:40:55.884] [INFO]  [SimulationManager] Paused at {:.3f}s (step {})
[       OK ] SimulationManager.StepIncrementsCount
[ RUN      ] SimulationManager.StepWhileStoppedDoesNothing
[01:40:55.884] [WARN]  [SimulationManager] Cannot step - simulation is stopped. Call Play() first.
[       OK ] SimulationManager.StepWhileStoppedDoesNothing
[ RUN      ] SimulationManager.ElapsedTimeDefault
[       OK ] SimulationManager.ElapsedTimeDefault
[----------] 3 tests from SceneSnapshot
[ RUN      ] SceneSnapshot.DefaultNotValid
[       OK ] SceneSnapshot.DefaultNotValid
[ RUN      ] SceneSnapshot.CaptureMarksValid
[01:40:55.884] [INFO]  [SceneSnapshot] Captured {} entities from scene '{}'
[       OK ] SceneSnapshot.CaptureMarksValid
[ RUN      ] SceneSnapshot.CaptureEmptyScene
[01:40:55.884] [INFO]  [SceneSnapshot] Captured {} entities from scene '{}'
[       OK ] SceneSnapshot.CaptureEmptyScene
[----------] 6 tests from ComponentClone
[ RUN      ] ComponentClone.AudioSource
[       OK ] ComponentClone.AudioSource
[ RUN      ] ComponentClone.NameComponent
[       OK ] ComponentClone.NameComponent
[ RUN      ] ComponentClone.TagComponent
[       OK ] ComponentClone.TagComponent
[ RUN      ] ComponentClone.TransformComponent
[       OK ] ComponentClone.TransformComponent
[ RUN      ] ComponentClone.ParticleSystemComponent
[       OK ] ComponentClone.ParticleSystemComponent
[ RUN      ] ComponentClone.BaseClassDefaultNull
[       OK ] ComponentClone.BaseClassDefaultNull
[----------] 4 tests from PhysicsDebugInfo
[ RUN      ] PhysicsDebugInfo.BodyDebugInfoFields
[       OK ] PhysicsDebugInfo.BodyDebugInfoFields
[ RUN      ] PhysicsDebugInfo.ContactDebugInfoFields
[       OK ] PhysicsDebugInfo.ContactDebugInfoFields
[ RUN      ] PhysicsDebugInfo.ConstraintDebugInfoFields
[       OK ] PhysicsDebugInfo.ConstraintDebugInfoFields
[ RUN      ] PhysicsDebugInfo.DebugShapeTypeEnums
[       OK ] PhysicsDebugInfo.DebugShapeTypeEnums
[----------] 5 tests from FrameRingBuffer
[ RUN      ] FrameRingBuffer.DefaultNotInitialized
[       OK ] FrameRingBuffer.DefaultNotInitialized
[ RUN      ] FrameRingBuffer.Initialize
[01:40:55.884] [INFO]  FrameRingBuffer: initialized for 5.0 seconds (150 frames, 320x240 @ 30 fps)
[       OK ] FrameRingBuffer.Initialize
[ RUN      ] FrameRingBuffer.PushFrame
[01:40:55.884] [INFO]  FrameRingBuffer: initialized for 1.0 seconds (10 frames, 2x2 @ 10 fps)
[       OK ] FrameRingBuffer.PushFrame
[ RUN      ] FrameRingBuffer.BufferedSeconds
[01:40:55.884] [INFO]  FrameRingBuffer: initialized for 1.0 seconds (10 frames, 2x2 @ 10 fps)
[       OK ] FrameRingBuffer.BufferedSeconds
[ RUN      ] FrameRingBuffer.ClearResetsFrameCount
[01:40:55.884] [INFO]  FrameRingBuffer: initialized for 1.0 seconds (10 frames, 2x2 @ 10 fps)
[       OK ] FrameRingBuffer.ClearResetsFrameCount
[----------] 3 tests from VideoRecorder
[ RUN      ] VideoRecorder.DefaultStateIdle
[       OK ] VideoRecorder.DefaultStateIdle
[ RUN      ] VideoRecorder.FramesCapturedDefault
[       OK ] VideoRecorder.FramesCapturedDefault
[ RUN      ] VideoRecorder.RecordingDurationDefault
[       OK ] VideoRecorder.RecordingDurationDefault
[----------] 18 tests from UITweenManager
[ RUN      ] UITweenManager.DefaultNoAnimations
[       OK ] UITweenManager.DefaultNoAnimations
[ RUN      ] UITweenManager.AnimateReturnsHandle
[       OK ] UITweenManager.AnimateReturnsHandle
[ RUN      ] UITweenManager.AnimateSetsFromValue
[       OK ] UITweenManager.AnimateSetsFromValue
[ RUN      ] UITweenManager.AnimateChangesValueOnUpdate
[       OK ] UITweenManager.AnimateChangesValueOnUpdate
[ RUN      ] UITweenManager.AnimationCompletesLinear
[       OK ] UITweenManager.AnimationCompletesLinear
[ RUN      ] UITweenManager.LinearMidpoint
[       OK ] UITweenManager.LinearMidpoint
[ RUN      ] UITweenManager.Cancel
[       OK ] UITweenManager.Cancel
[ RUN      ] UITweenManager.CancelAll
[       OK ] UITweenManager.CancelAll
[ RUN      ] UITweenManager.IsAnimating
[       OK ] UITweenManager.IsAnimating
[ RUN      ] UITweenManager.DelayedAnimation
[       OK ] UITweenManager.DelayedAnimation
[ RUN      ] UITweenManager.FadeIn
[       OK ] UITweenManager.FadeIn
[ RUN      ] UITweenManager.FadeOut
[       OK ] UITweenManager.FadeOut
[ RUN      ] UITweenManager.SlideInFromLeft
[       OK ] UITweenManager.SlideInFromLeft
[ RUN      ] UITweenManager.ScaleIn
[       OK ] UITweenManager.ScaleIn
[ RUN      ] UITweenManager.OnCompleteCallback
[       OK ] UITweenManager.OnCompleteCallback
[ RUN      ] UITweenManager.MultipleAnimationsSameWidget
[       OK ] UITweenManager.MultipleAnimationsSameWidget
[ RUN      ] UITweenManager.UIAnimPropertyEnumValues
[       OK ] UITweenManager.UIAnimPropertyEnumValues
[ RUN      ] UITweenManager.UIEaseTypeEnumValues
[       OK ] UITweenManager.UIEaseTypeEnumValues
[----------] 10 tests from AudioDSPParams
[ RUN      ] AudioDSPParams.LowPassDefaults
[       OK ] AudioDSPParams.LowPassDefaults
[ RUN      ] AudioDSPParams.HighPassDefaults
[       OK ] AudioDSPParams.HighPassDefaults
[ RUN      ] AudioDSPParams.ReverbDefaults
[       OK ] AudioDSPParams.ReverbDefaults
[ RUN      ] AudioDSPParams.DelayDefaults
[       OK ] AudioDSPParams.DelayDefaults
[ RUN      ] AudioDSPParams.CompressorDefaults
[       OK ] AudioDSPParams.CompressorDefaults
[ RUN      ] AudioDSPParams.LowPassCustom
[       OK ] AudioDSPParams.LowPassCustom
[ RUN      ] AudioDSPParams.HighPassCustom
[       OK ] AudioDSPParams.HighPassCustom
[ RUN      ] AudioDSPParams.ReverbCustom
[       OK ] AudioDSPParams.ReverbCustom
[ RUN      ] AudioDSPParams.DelayCustom
[       OK ] AudioDSPParams.DelayCustom
[ RUN      ] AudioDSPParams.CompressorCustom
[       OK ] AudioDSPParams.CompressorCustom
[----------] 23 tests from AudioDSP
[ RUN      ] AudioDSP.LowPassModifiesSignal
[       OK ] AudioDSP.LowPassModifiesSignal
[ RUN      ] AudioDSP.LowPassPassesLowFrequency
[       OK ] AudioDSP.LowPassPassesLowFrequency
[ RUN      ] AudioDSP.LowPassStereo
[       OK ] AudioDSP.LowPassStereo
[ RUN      ] AudioDSP.HighPassModifiesSignal
[       OK ] AudioDSP.HighPassModifiesSignal
[ RUN      ] AudioDSP.HighPassPassesHighFrequency
[       OK ] AudioDSP.HighPassPassesHighFrequency
[ RUN      ] AudioDSP.HighPassStereo
[       OK ] AudioDSP.HighPassStereo
[ RUN      ] AudioDSP.ReverbModifiesSignal
[       OK ] AudioDSP.ReverbModifiesSignal
[ RUN      ] AudioDSP.ReverbStereo
[       OK ] AudioDSP.ReverbStereo
[ RUN      ] AudioDSP.DelayModifiesSignal
[       OK ] AudioDSP.DelayModifiesSignal
[ RUN      ] AudioDSP.DelayStereo
[       OK ] AudioDSP.DelayStereo
[ RUN      ] AudioDSP.CompressorModifiesLoudSignal
[       OK ] AudioDSP.CompressorModifiesLoudSignal
[ RUN      ] AudioDSP.CompressorStereo
[       OK ] AudioDSP.CompressorStereo
[ RUN      ] AudioDSP.ResetClearsState
[       OK ] AudioDSP.ResetClearsState
[ RUN      ] AudioDSP.ResetThenApplyReverb
[       OK ] AudioDSP.ResetThenApplyReverb
[ RUN      ] AudioDSP.SilentBufferLowPass
[       OK ] AudioDSP.SilentBufferLowPass
[ RUN      ] AudioDSP.SilentBufferCompressor
[       OK ] AudioDSP.SilentBufferCompressor
[ RUN      ] AudioDSP.LowPassVeryLowCutoff
[       OK ] AudioDSP.LowPassVeryLowCutoff
[ RUN      ] AudioDSP.HighPassVeryHighCutoff
[       OK ] AudioDSP.HighPassVeryHighCutoff
[ RUN      ] AudioDSP.SilentBufferHighPass
[       OK ] AudioDSP.SilentBufferHighPass
[ RUN      ] AudioDSP.SilentBufferDelay
[       OK ] AudioDSP.SilentBufferDelay
[ RUN      ] AudioDSP.SilentBufferReverb
[       OK ] AudioDSP.SilentBufferReverb
[ RUN      ] AudioDSP.ChainLowPassThenHighPass
[       OK ] AudioDSP.ChainLowPassThenHighPass
[ RUN      ] AudioDSP.CompressorDoesNotBoostQuietSignal
[       OK ] AudioDSP.CompressorDoesNotBoostQuietSignal
[----------] 2 tests from AudioBusTest
[ RUN      ] AudioBusTest.ProcessingStageDefault
[       OK ] AudioBusTest.ProcessingStageDefault
[ RUN      ] AudioBusTest.DefaultName
[       OK ] AudioBusTest.DefaultName
[----------] 3 tests from LayoutRectTest
[ RUN      ] LayoutRectTest.DefaultValues
[       OK ] LayoutRectTest.DefaultValues
[ RUN      ] LayoutRectTest.ContainsInside
[       OK ] LayoutRectTest.ContainsInside
[ RUN      ] LayoutRectTest.ContainsOutside
[       OK ] LayoutRectTest.ContainsOutside
[----------] 1 test from WidgetTypeTest
[ RUN      ] WidgetTypeTest.EnumValues
[       OK ] WidgetTypeTest.EnumValues
[----------] 23 tests from WidgetTest
[ RUN      ] WidgetTest.PanelCreation
[       OK ] WidgetTest.PanelCreation
[ RUN      ] WidgetTest.PanelDefaultNoParent
[       OK ] WidgetTest.PanelDefaultNoParent
[ RUN      ] WidgetTest.ButtonCreation
[       OK ] WidgetTest.ButtonCreation
[ RUN      ] WidgetTest.ButtonSetText
[       OK ] WidgetTest.ButtonSetText
[ RUN      ] WidgetTest.ButtonFontHandle
[       OK ] WidgetTest.ButtonFontHandle
[ RUN      ] WidgetTest.TextWidgetCreation
[       OK ] WidgetTest.TextWidgetCreation
[ RUN      ] WidgetTest.TextWidgetSetText
[       OK ] WidgetTest.TextWidgetSetText
[ RUN      ] WidgetTest.SliderCreation
[       OK ] WidgetTest.SliderCreation
[ RUN      ] WidgetTest.SliderSetRange
[       OK ] WidgetTest.SliderSetRange
[ RUN      ] WidgetTest.SliderSetStep
[       OK ] WidgetTest.SliderSetStep
[ RUN      ] WidgetTest.SliderIntrinsicSize
[       OK ] WidgetTest.SliderIntrinsicSize
[ RUN      ] WidgetTest.CheckBoxCreation
[       OK ] WidgetTest.CheckBoxCreation
[ RUN      ] WidgetTest.CheckBoxSetChecked
[       OK ] WidgetTest.CheckBoxSetChecked
[ RUN      ] WidgetTest.CheckBoxText
[       OK ] WidgetTest.CheckBoxText
[ RUN      ] WidgetTest.AddChild
[       OK ] WidgetTest.AddChild
[ RUN      ] WidgetTest.AddMultipleChildren
[       OK ] WidgetTest.AddMultipleChildren
[ RUN      ] WidgetTest.RemoveChild
[       OK ] WidgetTest.RemoveChild
[ RUN      ] WidgetTest.IdAndClassName
[       OK ] WidgetTest.IdAndClassName
[ RUN      ] WidgetTest.FindById
[       OK ] WidgetTest.FindById
[ RUN      ] WidgetTest.FindByIdNested
[       OK ] WidgetTest.FindByIdNested
[ RUN      ] WidgetTest.Opacity
[       OK ] WidgetTest.Opacity
[ RUN      ] WidgetTest.VisibleAndEnabled
[       OK ] WidgetTest.VisibleAndEnabled
[ RUN      ] WidgetTest.TooltipProperties
[       OK ] WidgetTest.TooltipProperties
[----------] 4 tests from UIContextTest
[ RUN      ] UIContextTest.DefaultConstruction
[       OK ] UIContextTest.DefaultConstruction
[ RUN      ] UIContextTest.SetRoot
[       OK ] UIContextTest.SetRoot
[ RUN      ] UIContextTest.ReplaceRoot
[       OK ] UIContextTest.ReplaceRoot
[ RUN      ] UIContextTest.FindByIdInContext
[       OK ] UIContextTest.FindByIdInContext
[----------] 1 test from UIEventTest
[ RUN      ] UIEventTest.Defaults
[       OK ] UIEventTest.Defaults
[----------] 27 tests from ScriptEngine
[ RUN      ] ScriptEngine.InitializeAndShutdown
[       OK ] ScriptEngine.InitializeAndShutdown
[ RUN      ] ScriptEngine.DoubleInitialize
[       OK ] ScriptEngine.DoubleInitialize
[ RUN      ] ScriptEngine.ExecuteStringSimple
[       OK ] ScriptEngine.ExecuteStringSimple
[ RUN      ] ScriptEngine.ExecuteStringInvalid
[01:40:55.889] [ERROR] Lua error: {}
[       OK ] ScriptEngine.ExecuteStringInvalid
[ RUN      ] ScriptEngine.ExecuteStringMath
[       OK ] ScriptEngine.ExecuteStringMath
[ RUN      ] ScriptEngine.ExecuteFileNonExistent
[01:40:55.890] [ERROR] Lua error in file '{}': {}
[       OK ] ScriptEngine.ExecuteFileNonExistent
[ RUN      ] ScriptEngine.SetAndGetGlobalFloat
[       OK ] ScriptEngine.SetAndGetGlobalFloat
[ RUN      ] ScriptEngine.SetAndGetGlobalInt
[       OK ] ScriptEngine.SetAndGetGlobalInt
[ RUN      ] ScriptEngine.SetAndGetGlobalString
[       OK ] ScriptEngine.SetAndGetGlobalString
[ RUN      ] ScriptEngine.GetGlobalDefaultValue
[       OK ] ScriptEngine.GetGlobalDefaultValue
[ RUN      ] ScriptEngine.CallFunctionNoArgs
[       OK ] ScriptEngine.CallFunctionNoArgs
[ RUN      ] ScriptEngine.CallFunctionWithFloatArg
[       OK ] ScriptEngine.CallFunctionWithFloatArg
[ RUN      ] ScriptEngine.CallNonExistentFunction
[       OK ] ScriptEngine.CallNonExistentFunction
[ RUN      ] ScriptEngine.GetLastErrorAfterFailure
[01:40:55.893] [ERROR] Lua error: {}
[       OK ] ScriptEngine.GetLastErrorAfterFailure
[ RUN      ] ScriptEngine.SetContextWithNullptrs
[       OK ] ScriptEngine.SetContextWithNullptrs
[ RUN      ] ScriptEngine.SetAndGetGlobalBool
C:\Users\g0190\Desktop\GXLib\Tests\test_ScriptEngine.cpp(217): error: Expected equality of these values:
  val
    Which is: 0
  1

[  FAILED  ] ScriptEngine.SetAndGetGlobalBool
[ RUN      ] ScriptEngine.MultipleSetsAndGets
[       OK ] ScriptEngine.MultipleSetsAndGets
[ RUN      ] ScriptEngine.OverwriteGlobal
[       OK ] ScriptEngine.OverwriteGlobal
[ RUN      ] ScriptEngine.GetGlobalFloatDefault
[       OK ] ScriptEngine.GetGlobalFloatDefault
[ RUN      ] ScriptEngine.GetGlobalIntDefault
[       OK ] ScriptEngine.GetGlobalIntDefault
[ RUN      ] ScriptEngine.ExecuteEmptyString
[       OK ] ScriptEngine.ExecuteEmptyString
[ RUN      ] ScriptEngine.ExecuteStringWithTableCreation
[       OK ] ScriptEngine.ExecuteStringWithTableCreation
[ RUN      ] ScriptEngine.ExecuteStringWithStringConcat
[       OK ] ScriptEngine.ExecuteStringWithStringConcat
[ RUN      ] ScriptEngine.CallFunctionMultipleTimes
[       OK ] ScriptEngine.CallFunctionMultipleTimes
[ RUN      ] ScriptEngine.CallFunctionWithFloatArgNegative
[       OK ] ScriptEngine.CallFunctionWithFloatArgNegative
[ RUN      ] ScriptEngine.SetExtendedContextWithNullptrs
[       OK ] ScriptEngine.SetExtendedContextWithNullptrs
[ RUN      ] ScriptEngine.ErrorThenSuccessfulExecution
[01:40:55.898] [ERROR] Lua error: {}
[       OK ] ScriptEngine.ErrorThenSuccessfulExecution
[----------] 25 tests from VideoRecordingTest
[ RUN      ] VideoRecordingTest.CodecEnumValues
[       OK ] VideoRecordingTest.CodecEnumValues
[ RUN      ] VideoRecordingTest.RecordingStateEnumValues
[       OK ] VideoRecordingTest.RecordingStateEnumValues
[ RUN      ] VideoRecordingTest.ConfigDefaults
[       OK ] VideoRecordingTest.ConfigDefaults
[ RUN      ] VideoRecordingTest.ConfigCustom
[       OK ] VideoRecordingTest.ConfigCustom
[ RUN      ] VideoRecordingTest.InitialState
[       OK ] VideoRecordingTest.InitialState
[ RUN      ] VideoRecordingTest.InitializeWithNullDevice
[01:40:55.899] [INFO]  VideoRecorder: initialized successfully
[       OK ] VideoRecordingTest.InitializeWithNullDevice
[ RUN      ] VideoRecordingTest.StartRecordingWithoutInit
[01:40:55.899] [ERROR] VideoRecorder: Media Foundation not initialized
[       OK ] VideoRecordingTest.StartRecordingWithoutInit
[ RUN      ] VideoRecordingTest.StopRecordingWhenIdle
[       OK ] VideoRecordingTest.StopRecordingWhenIdle
[ RUN      ] VideoRecordingTest.SetOnErrorCallback
[       OK ] VideoRecordingTest.SetOnErrorCallback
[ RUN      ] VideoRecordingTest.GetOutputPathDefault
[       OK ] VideoRecordingTest.GetOutputPathDefault
[ RUN      ] VideoRecordingTest.ConfigWidthHeight720p
[       OK ] VideoRecordingTest.ConfigWidthHeight720p
[ RUN      ] VideoRecordingTest.ConfigFps60
[       OK ] VideoRecordingTest.ConfigFps60
[ RUN      ] VideoRecordingTest.ConfigHighBitrate
[       OK ] VideoRecordingTest.ConfigHighBitrate
[ RUN      ] VideoRecordingTest.ConfigHEVCCodec
[       OK ] VideoRecordingTest.ConfigHEVCCodec
[ RUN      ] VideoRecordingTest.ConfigOutputPathCustom
[       OK ] VideoRecordingTest.ConfigOutputPathCustom
[ RUN      ] VideoRecordingTest.IsRecordingFalseByDefault
[       OK ] VideoRecordingTest.IsRecordingFalseByDefault
[ RUN      ] VideoRecordingTest.GetFramesCapturedDefault
[       OK ] VideoRecordingTest.GetFramesCapturedDefault
[ RUN      ] VideoRecordingTest.GetRecordingDurationDefault
[       OK ] VideoRecordingTest.GetRecordingDurationDefault
[ RUN      ] VideoRecordingTest.PauseRecordingWhenIdle
[       OK ] VideoRecordingTest.PauseRecordingWhenIdle
[ RUN      ] VideoRecordingTest.ResumeRecordingWhenIdle
[       OK ] VideoRecordingTest.ResumeRecordingWhenIdle
[ RUN      ] VideoRecordingTest.CaptureFrameWithoutInit
[       OK ] VideoRecordingTest.CaptureFrameWithoutInit
[ RUN      ] VideoRecordingTest.WriteFrameWithoutInit
[       OK ] VideoRecordingTest.WriteFrameWithoutInit
[ RUN      ] VideoRecordingTest.MultipleSetOnError
[       OK ] VideoRecordingTest.MultipleSetOnError
[ RUN      ] VideoRecordingTest.StopRecordingReturnValue
[       OK ] VideoRecordingTest.StopRecordingReturnValue
[ RUN      ] VideoRecordingTest.ConfigDefaultCodecIsH264
[       OK ] VideoRecordingTest.ConfigDefaultCodecIsH264
[----------] 29 tests from PhysicsSimulation
[ RUN      ] PhysicsSimulation.InitializeAndShutdown
[       OK ] PhysicsSimulation.InitializeAndShutdown
[ RUN      ] PhysicsSimulation.InitializeWithCustomMaxBodies
[       OK ] PhysicsSimulation.InitializeWithCustomMaxBodies
[ RUN      ] PhysicsSimulation.DefaultGravity
[       OK ] PhysicsSimulation.DefaultGravity
[ RUN      ] PhysicsSimulation.SetGravity
[       OK ] PhysicsSimulation.SetGravity
[ RUN      ] PhysicsSimulation.ZeroGravity
[       OK ] PhysicsSimulation.ZeroGravity
[ RUN      ] PhysicsSimulation.CreateBoxShape
[       OK ] PhysicsSimulation.CreateBoxShape
[ RUN      ] PhysicsSimulation.CreateSphereShape
[       OK ] PhysicsSimulation.CreateSphereShape
[ RUN      ] PhysicsSimulation.CreateCapsuleShape
[       OK ] PhysicsSimulation.CreateCapsuleShape
[ RUN      ] PhysicsSimulation.AddBody
[       OK ] PhysicsSimulation.AddBody
[ RUN      ] PhysicsSimulation.GetPositionOfBody
[       OK ] PhysicsSimulation.GetPositionOfBody
[ RUN      ] PhysicsSimulation.BodyIDDefault
[       OK ] PhysicsSimulation.BodyIDDefault
[ RUN      ] PhysicsSimulation.StepUpdatesPosition
[       OK ] PhysicsSimulation.StepUpdatesPosition
[ RUN      ] PhysicsSimulation.SetLinearVelocity
[       OK ] PhysicsSimulation.SetLinearVelocity
[ RUN      ] PhysicsSimulation.RaycastHitsBody
[       OK ] PhysicsSimulation.RaycastHitsBody
[ RUN      ] PhysicsSimulation.RaycastMissesEmpty
[       OK ] PhysicsSimulation.RaycastMissesEmpty
[ RUN      ] PhysicsSimulation.SetPosition
[       OK ] PhysicsSimulation.SetPosition
[ RUN      ] PhysicsSimulation.ApplyImpulse
[       OK ] PhysicsSimulation.ApplyImpulse
[ RUN      ] PhysicsSimulation.BodySettingsDefaults
[       OK ] PhysicsSimulation.BodySettingsDefaults
[ RUN      ] PhysicsSimulation.BodySettingsCustom
[       OK ] PhysicsSimulation.BodySettingsCustom
[ RUN      ] PhysicsSimulation.MotionTypeEnumValues
[       OK ] PhysicsSimulation.MotionTypeEnumValues
[ RUN      ] PhysicsSimulation.SetRotation
